Microchip MPLAB XC8 Compiler V1.45 ()

Linker command line:

--edf=E:\SCMCU_IDE_V2.00.08_Beta9\data\dat\en_msgs.txt -cs -h+K13-01.sym \
  --cmf=K13-01.cmf -z -QSC8P1712C \
  -oC:\Users\ADMINI~1\AppData\Local\Temp\sc6s.2 -MK13-01.map -E1 -ver=XC8 \
  -ASTACK=0E2h-0efh -pstack=STACK -ACODE=00h-07FFh -ASTRCODE=00h-07FFh \
  -ASTRING=00h-0FFhx8 -ACONST=00h-0FFhx8 -AENTRY=00h-0FFhx8 \
  -ACOMMON=070h-07Fh -ABANK0=020h-06Fh -ABANK1=0A0h-0EFh \
  -ARAM=020h-06Fh,0A0h-0EFh -AABS1=020h-07Fh,0A0h-0EFh -ASFR0=00h-01Fh \
  -ASFR1=080h-09Fh -ASFR2=0100h-016Fh -ASFR3=0180h-01EFh \
  -preset_vec=00h,intentry=04h,init,end_init -ppowerup=CODE -pcinit=CODE \
  -pfunctab=ENTRY -ACONFIG=02007h-02008h -pconfig=CONFIG -DCONFIG=2 \
  -AIDLOC=02000h-02003h -pidloc=IDLOC -DIDLOC=2 -DCODE=2 -DSTRCODE=2 \
  -DSTRING=2 -DCONST=2 -DENTRY=2 -k startup.obj K13-01.obj 

Object code version is 3.11

Machine type is SC8P1712C



                Name                               Link     Load   Length Selector   Space Scale
startup.obj     end_init                              C        C        1        8       0
                reset_vec                             0        0        1        0       0
K13-01.obj      cinit                                 D        D       17        8       0
                intentry                              4        4        8        8       0
                swtext3                             7C1      7C1        5      F82       0
                text25                              2E2      2E2       9B        8       0
                text24                              6FF      6FF       1B        8       0
                text23                              733      733       19        8       0
                text22                              524      524       48        8       0
                text21                              61C      61C       33        8       0
                swtext2                             7CA      7CA        3      F94       0
                text20                               24       24      116        8       0
                swtext1                               1        1        3        2       0
                text19                              56C      56C       42        8       0
                text18                              5AE      5AE       3B        8       0
                text17                              762      762       16      EC4       0
                text16                              4D7      4D7       4D        8       0
                text15                              6E4      6E4       1B        8       0
                text14                              6C8      6C8       1C        8       0
                text13                              409      409       6D        8       0
                text12                              795      795        E      EC4       0
                text11                              37D      37D       8C        8       0
                text10                              7A3      7A3        D      EC4       0
                text9                               13A      13A       D7        8       0
                text8                               71A      71A       19        8       0
                text7                               476      476       61        8       0
                text6                               64F      64F       2A        8       0
                text5                               211      211       D1        8       0
                text4                               6A1      6A1       27        8       0
                text3                               679      679       28        8       0
                text2                               787      787        E      EC4       0
                text1                               7B0      7B0        9      EC4       0
                maintext                            7C6      7C6        4      F8C       0
                cstackBANK0                          4D       4D       1E       20       1
                cstackCOMMON                         72       72        8       70       1
                cstackBANK1                          DB       DB        7       A0       1
                clrtext                             7B9      7B9        8      EC4       0
                inittext                            778      778        F      EC4       0
                dataBANK1                            A0       A0       33       A0       1
                bssBANK1                             D3       D3        8       A0       1
                bssBANK0                             20       20       2D       20       1
                bssCOMMON                            7A       7A        1       70       1
                bitbssCOMMON                        380       70        E       70       1     8
                strings                             74C      74C       16      E98       0
                idataBANK1                          5E9      5E9       33        8       0

TOTAL           Name                               Link     Load   Length     Space
        CLASS   STACK          

        CLASS   CODE           
                end_init                              C        C        1         0
                cinit                                 D        D       17         0
                intentry                              4        4        8         0
                reset_vec                             0        0        1         0
                text25                              2E2      2E2       9B         0
                text24                              6FF      6FF       1B         0
                text23                              733      733       19         0
                text22                              524      524       48         0
                text21                              61C      61C       33         0
                text20                               24       24      116         0
                text19                              56C      56C       42         0
                text18                              5AE      5AE       3B         0
                text17                              762      762       16         0
                text16                              4D7      4D7       4D         0
                text15                              6E4      6E4       1B         0
                text14                              6C8      6C8       1C         0
                text13                              409      409       6D         0
                text12                              795      795        E         0
                text11                              37D      37D       8C         0
                text10                              7A3      7A3        D         0
                text9                               13A      13A       D7         0
                text8                               71A      71A       19         0
                text7                               476      476       61         0
                text6                               64F      64F       2A         0
                text5                               211      211       D1         0
                text4                               6A1      6A1       27         0
                text3                               679      679       28         0
                text2                               787      787        E         0
                text1                               7B0      7B0        9         0
                maintext                            7C6      7C6        4         0
                clrtext                             7B9      7B9        8         0
                inittext                            778      778        F         0
                idataBANK1                          5E9      5E9       33         0

        CLASS   STRCODE        

        CLASS   STRING         
                strings                             74C      74C       16         0

        CLASS   CONST          
                swtext3                             7C1      7C1        5         0
                swtext2                             7CA      7CA        3         0
                swtext1                               1        1        3         0

        CLASS   ENTRY          

        CLASS   COMMON         
                cstackCOMMON                         72       72        8         1
                bssCOMMON                            7A       7A        1         1
                bitbssCOMMON                        380       70        E         1

        CLASS   BANK0          
                cstackBANK0                          4D       4D       1E         1
                bssBANK0                             20       20       2D         1

        CLASS   BANK1          
                cstackBANK1                          DB       DB        7         1
                dataBANK1                            A0       A0       33         1
                bssBANK1                             D3       D3        8         1

        CLASS   RAM            

        CLASS   ABS1           
                abs_s1                               7E       7E        2         1

        CLASS   SFR0           

        CLASS   SFR1           

        CLASS   SFR2           

        CLASS   SFR3           

        CLASS   CONFIG         

        CLASS   IDLOC          

        CLASS   BANK3          

        CLASS   BANK2          

        CLASS   EEDATA         



SEGMENTS        Name                           Load    Length   Top    Selector   Space  Class     Delta

                reset_vec                      000000  000001  000001         0       0  CODE        2
                swtext1                        000001  000003  000004         2       0  CONST       2
                intentry                       000004  000748  00074C         8       0  CODE        2
                bssBANK0                       000020  00004B  00006B        20       1  BANK0       1
                bitbssCOMMON                   000070  00000B  00007B        70       1  COMMON      1
                dataBANK1                      0000A0  000042  0000E2        A0       1  BANK1       1
                strings                        00074C  000016  000762       E98       0  STRING      2
                text17                         000762  00005F  0007C1       EC4       0  CODE        2
                swtext3                        0007C1  000005  0007C6       F82       0  CONST       2
                maintext                       0007C6  000004  0007CA       F8C       0  CODE        2
                swtext2                        0007CA  000003  0007CD       F94       0  CONST       2


UNUSED ADDRESS RANGES

        Name                Unused          Largest block    Delta
        BANK0            06B-06F             5           1
        BANK1            0E2-0EF             E           1
        CODE             7CD-7FF            33           2
        COMMON           07B-07D             3           1
        CONFIG           2007-2008             2           2
        CONST            7CD-7FF            33           2
        ENTRY            7CD-7FF            33           2
        IDLOC            2000-2003             4           2
        RAM              06B-06F             5           1
                         0E2-0EF             E
        SFR0             000-01F            20           1
        SFR1             080-09F            20           1
        SFR2             100-16F            70           1
        SFR3             180-1EF            70           1
        STACK            0E2-0EF             E           1
        STRCODE          7CD-7FF            33           2
        STRING           7CD-7FF            33           2

                                  Symbol Table

?___lldiv                cstackBANK0  055
?___lmul                 cstackBANK0  04D
?___lwdiv                cstackCOMMON 075
?___wmul                 cstackCOMMON 075
ADCRead@AD_H             cstackBANK1  0DC
ADCRead@AD_L             cstackBANK1  0DE
ADCRead@Val              cstackBANK0  062
ADCRead@ad_temp          cstackBANK1  0E0
ADCRead@ch               cstackBANK1  0DB
ADSample@ch              cstackCOMMON 076
ADSample@i               cstackCOMMON 077
DisplayIcon@Mask         cstackBANK0  04D
DisplayIcon@i            cstackBANK0  04F
DisplayIcon@index        cstackCOMMON 075
ErrPro@LedSwitchFlag     bitbssCOMMON 380
ErrPro@SwitchCnt         bssBANK0     031
LEDScan@LEDScanIndex     bssBANK0     03A
LockPro@LedSwitchFlag    bitbssCOMMON 381
LockPro@Ledcnt           bssBANK0     032
LockPro@LockSwitchCnt    bssBANK0     033
LockPro@SwitchCnt        bssBANK0     034
PL10                     text11       3FA
PL12                     text18       5D7
PL14                     text25       35B
PL16                     text25       363
PL18                     text5        2D1
PL2                      text11       3E5
PL20                     text25       36B
PL22                     text25       371
PL24                     text25       377
PL26                     text5        2DC
PL28                     text7        4D1
PL30                     text13       470
PL32                     text9        20B
PL34                     text17       774
PL36                     text20       135
PL38                     text4        6C3
PL4                      text20       10E
PL40                     text18       5E4
PL6                      text13       464
PL8                      text20       124
Sec1sPro@ActualPercent   bssBANK0     040
Sec1sPro@PercentErr      cstackBANK0  052
Sec1sPro@TempPercent     cstackBANK0  053
USBLedPro@cnt            bssBANK0     038
USBLedPro@index          bssBANK0     039
WorkLedPro@LedSwitchCnt  bssBANK0     037
WorkLedPro@LedSwitchFlag bitbssCOMMON 383
WorkLedPro@cnt           bssBANK0     035
WorkLedPro@dir           bitbssCOMMON 382
WorkLedPro@index         bssBANK0     036
_ADCMax                  bssBANK0     02F
_ADCMin                  bssBANK0     02D
_ADCON0                  (abs)        01F
_ADCON1                  (abs)        09F
_ADCPro                  text19       56C
_ADCRead                 text20       024
_ADCState                bssBANK0     043
_ADCVal                  bssBANK0     047
_ADRESH                  (abs)        01E
_ADRESL                  (abs)        09E
_ADSample                text23       733
_ADcnt                   bssBANK0     042
_ADsum                   bssBANK0     025
_ANS1                    (abs)        C41
_ANS2                    (abs)        C42
_Apply                   text4        6A1
_BatAddTime              bssBANK0     045
_BatDecTime              bssBANK0     044
_BatPercent              bssBANK0     046
_CurrentCnt              bssBANK0     041
_DisplayIcon             text18       5AE
_DisplayPro              text10       7A3
_ErrPro                  text17       762
_GODONE                  (abs)        0F9
_GPIOInit                text3        679
_HideNumbArr             dataBANK1    0BE
_INTCON                  (abs)        00B
_IovFlag                 bitbssCOMMON 38C
_Isr_Timer               text24       6FF
_KeyCnt                  bssBANK0     029
_KeyInBuf                bitbssCOMMON 386
_KeyPress                bitbssCOMMON 385
_KeyScan                 text9        13A
_LEDArrMap               bssBANK0     020
_LEDScan                 text25       2E2
_LEDSeg1                 strings      752
_LEDSeg2                 dataBANK1    0A0
_LedIndex                bssBANK1     0D9
_LockNumb                bssBANK0     03C
_LockPro                 text16       4D7
_LockSta                 bssBANK0     02B
_Motor                   text7        476
_NumbArr                 dataBANK1    0C9
_OSCCON                  (abs)        08F
_OffHideNumbArr          dataBANK1    0B0
_OnOffFlag               bitbssCOMMON 387
_PIE1                    (abs)        08C
_PORTA                   (abs)        005
_PORTB                   (abs)        006
_PORTC                   (abs)        007
_PR2                     (abs)        092
_RA5                     (abs)        02D
_RA6                     (abs)        02E
_RA7                     (abs)        02F
_RB3                     (abs)        033
_RB4                     (abs)        034
_RB5                     (abs)        035
_RBPU                    (abs)        40F
_RC2                     (abs)        03A
_RC3                     (abs)        03B
_Sec1sCnt                bssBANK0     03B
_Sec1sPro                text5        211
_SystemInit              text1        7B0
_SystemONFlag            bitbssCOMMON 38D
_T2CON                   (abs)        012
_TMR2IF                  (abs)        061
_TRISA                   (abs)        085
_TRISA1                  (abs)        429
_TRISA2                  (abs)        42A
_TRISA6                  (abs)        42E
_TRISA7                  (abs)        42F
_TRISB                   (abs)        086
_TRISB3                  (abs)        433
_TRISB4                  (abs)        434
_TRISB5                  (abs)        435
_TRISC                   (abs)        087
_TRISC2                  (abs)        43A
_TRISC3                  (abs)        43B
_TimeAddCnt              bssBANK1     0D3
_TimeDecCnt              bssBANK1     0D5
_TimerInit               text2        787
_USBFlag                 bitbssCOMMON 38B
_USBLedPro               text13       409
_USBLink                 bitbssCOMMON 384
_VarPowerUpCount         bssBANK0     03D
_WDTCON                  (abs)        105
_WPUA                    (abs)        18E
_WPUA1                   (abs)        C71
_WPUA2                   (abs)        C72
_WPUA6                   (abs)        C76
_WPUA7                   (abs)        C77
_WPUB                    (abs)        095
_WPUB3                   (abs)        4AB
_WPUB4                   (abs)        4AC
_WPUB5                   (abs)        4AD
_WPUC                    (abs)        18F
_WPUC2                   (abs)        C7A
_WPUC3                   (abs)        C7B
_WorkCnt                 bssBANK1     0D7
_WorkFlag                bitbssCOMMON 38A
_WorkLedPro              text11       37D
_WorkMin                 bssCOMMON    07A
__Habs1                  abs1         000
__Hbank0                 bank0        000
__Hbank1                 bank1        000
__Hbank2                 bank2        000
__Hbank3                 bank3        000
__HbitbssCOMMON          bitbssCOMMON 000
__HbssBANK0              bssBANK0     000
__HbssBANK1              bssBANK1     000
__HbssCOMMON             bssCOMMON    000
__Hcinit                 cinit        024
__Hclrtext               clrtext      000
__Hcode                  code         000
__Hcommon                common       000
__Hconfig                config       000
__HcstackBANK0           cstackBANK0  000
__HcstackBANK1           cstackBANK1  000
__HcstackCOMMON          cstackCOMMON 000
__HdataBANK1             dataBANK1    000
__Heeprom_data           eeprom_data  000
__Hend_init              end_init     00D
__Hfunctab               functab      000
__HidataBANK1            idataBANK1   000
__Hidloc                 idloc        000
__Hinit                  init         00C
__Hinittext              inittext     000
__Hintentry              intentry     00C
__Hmaintext              maintext     000
__Hpa_nodes0             pa_nodes0    000
__Hpowerup               powerup      000
__Hram                   ram          000
__Hreset_vec             reset_vec    001
__Hsfr0                  sfr0         000
__Hsfr1                  sfr1         000
__Hsfr2                  sfr2         000
__Hsfr3                  sfr3         000
__Hspace_0               (abs)        7CD
__Hspace_1               (abs)        38E
__Hspace_2               (abs)        000
__Hspace_3               (abs)        000
__Hstack                 stack        000
__Hstrings               strings      000
__Htext                  text         000
__Labs1                  abs1         000
__Lbank0                 bank0        000
__Lbank1                 bank1        000
__Lbank2                 bank2        000
__Lbank3                 bank3        000
__LbitbssCOMMON          bitbssCOMMON 000
__LbssBANK0              bssBANK0     000
__LbssBANK1              bssBANK1     000
__LbssCOMMON             bssCOMMON    000
__Lcinit                 cinit        00D
__Lclrtext               clrtext      000
__Lcode                  code         000
__Lcommon                common       000
__Lconfig                config       000
__LcstackBANK0           cstackBANK0  000
__LcstackBANK1           cstackBANK1  000
__LcstackCOMMON          cstackCOMMON 000
__LdataBANK1             dataBANK1    000
__Leeprom_data           eeprom_data  000
__Lend_init              end_init     00C
__Lfunctab               functab      000
__LidataBANK1            idataBANK1   000
__Lidloc                 idloc        000
__Linit                  init         00C
__Linittext              inittext     000
__Lintentry              intentry     004
__Lmaintext              maintext     000
__Lpa_nodes0             pa_nodes0    000
__Lpowerup               powerup      000
__Lram                   ram          000
__Lreset_vec             reset_vec    000
__Lsfr0                  sfr0         000
__Lsfr1                  sfr1         000
__Lsfr2                  sfr2         000
__Lsfr3                  sfr3         000
__Lspace_0               (abs)        000
__Lspace_1               (abs)        000
__Lspace_2               (abs)        000
__Lspace_3               (abs)        000
__Lstack                 stack        000
__Lstrings               strings      000
__Ltext                  text         000
__S0                     (abs)        7CD
__S1                     (abs)        0E2
__S2                     (abs)        000
___bmul                  text12       795
___bmul@multiplicand     cstackCOMMON 075
___bmul@multiplier       cstackCOMMON 077
___bmul@product          cstackCOMMON 076
___int_sp                stack        000
___latbits               (abs)        000
___lbdiv                 text15       6E4
___lbdiv@counter         cstackCOMMON 077
___lbdiv@dividend        cstackCOMMON 076
___lbdiv@divisor         cstackCOMMON 075
___lbdiv@quotient        cstackCOMMON 078
___lbmod                 text14       6C8
___lbmod@counter         cstackCOMMON 078
___lbmod@dividend        cstackCOMMON 077
___lbmod@divisor         cstackCOMMON 075
___lbmod@rem             cstackCOMMON 079
___lldiv                 text22       524
___lldiv@counter         cstackBANK0  061
___lldiv@dividend        cstackBANK0  059
___lldiv@divisor         cstackBANK0  055
___lldiv@quotient        cstackBANK0  05D
___lmul                  text21       61C
___lmul@multiplicand     cstackBANK0  051
___lmul@multiplier       cstackBANK0  04D
___lmul@product          cstackCOMMON 075
___lwdiv                 text6        64F
___lwdiv@counter         cstackBANK0  04D
___lwdiv@dividend        cstackCOMMON 077
___lwdiv@divisor         cstackCOMMON 075
___lwdiv@quotient        cstackBANK0  04E
___sp                    stack        000
___wmul                  text8        71A
___wmul@multiplicand     cstackCOMMON 077
___wmul@multiplier       cstackCOMMON 075
___wmul@product          cstackBANK0  04D
__end_ofPL10             text11       409
__end_ofPL12             text18       5E4
__end_ofPL14             text25       363
__end_ofPL16             text25       36B
__end_ofPL18             text5        2DC
__end_ofPL2              text11       3FA
__end_ofPL20             text25       371
__end_ofPL22             text25       377
__end_ofPL24             text25       37D
__end_ofPL26             text5        2E2
__end_ofPL28             text7        4D7
__end_ofPL30             text13       476
__end_ofPL32             text9        211
__end_ofPL34             text17       778
__end_ofPL36             text20       13A
__end_ofPL38             text4        6C8
__end_ofPL4              text20       124
__end_ofPL40             text18       5E9
__end_ofPL6              text13       470
__end_ofPL8              text20       135
__end_of_ADCPro          text19       5AE
__end_of_ADCRead         text20       10E
__end_of_ADSample        text23       74C
__end_of_Apply           text4        6C3
__end_of_DisplayIcon     text18       5D7
__end_of_DisplayPro      text10       7B0
__end_of_ErrPro          text17       774
__end_of_GPIOInit        text3        6A1
__end_of_Isr_Timer       text24       71A
__end_of_KeyScan         text9        20B
__end_of_LEDScan         text25       35B
__end_of_LEDSeg1         strings      762
__end_of_LockPro         text16       524
__end_of_Motor           text7        4D1
__end_of_Sec1sPro        text5        2D1
__end_of_SystemInit      text1        7B9
__end_of_TimerInit       text2        795
__end_of_USBLedPro       text13       464
__end_of_WorkLedPro      text11       3E5
__end_of___bmul          text12       7A3
__end_of___lbdiv         text15       6FF
__end_of___lbmod         text14       6E4
__end_of___lldiv         text22       56C
__end_of___lmul          text21       64F
__end_of___lwdiv         text6        679
__end_of___wmul          text8        733
__end_of__initialization cinit        022
__end_of__stringtab      strings      752
__end_of_main            maintext     7CA
__initialization         cinit        00D
__pbitbssCOMMON          bitbssCOMMON 380
__pbssBANK0              bssBANK0     020
__pbssBANK1              bssBANK1     0D3
__pbssCOMMON             bssCOMMON    07A
__pcstackBANK0           cstackBANK0  04D
__pcstackBANK1           cstackBANK1  0DB
__pcstackCOMMON          cstackCOMMON 072
__pdataBANK1             dataBANK1    0A0
__pidataBANK1            idataBANK1   5E9
__pintentry              intentry     004
__pmaintext              maintext     7C6
__pstrings               strings      74C
__pswtext1               swtext1      001
__pswtext2               swtext2      7CA
__pswtext3               swtext3      7C1
__ptext1                 text1        7B0
__ptext10                text10       7A3
__ptext11                text11       37D
__ptext12                text12       795
__ptext13                text13       409
__ptext14                text14       6C8
__ptext15                text15       6E4
__ptext16                text16       4D7
__ptext17                text17       762
__ptext18                text18       5AE
__ptext19                text19       56C
__ptext2                 text2        787
__ptext20                text20       024
__ptext21                text21       61C
__ptext22                text22       524
__ptext23                text23       733
__ptext24                text24       6FF
__ptext25                text25       2E2
__ptext3                 text3        679
__ptext4                 text4        6A1
__ptext5                 text5        211
__ptext6                 text6        64F
__ptext7                 text7        476
__ptext8                 text8        71A
__ptext9                 text9        13A
__size_of_ADCPro         (abs)        000
__size_of_ADCRead        (abs)        000
__size_of_ADSample       (abs)        000
__size_of_Apply          (abs)        000
__size_of_DisplayIcon    (abs)        000
__size_of_DisplayPro     (abs)        000
__size_of_ErrPro         (abs)        000
__size_of_GPIOInit       (abs)        000
__size_of_Isr_Timer      (abs)        000
__size_of_KeyScan        (abs)        000
__size_of_LEDScan        (abs)        000
__size_of_LockPro        (abs)        000
__size_of_Motor          (abs)        000
__size_of_Sec1sPro       (abs)        000
__size_of_SystemInit     (abs)        000
__size_of_TimerInit      (abs)        000
__size_of_USBLedPro      (abs)        000
__size_of_WorkLedPro     (abs)        000
__size_of___bmul         (abs)        000
__size_of___lbdiv        (abs)        000
__size_of___lbmod        (abs)        000
__size_of___lldiv        (abs)        000
__size_of___lmul         (abs)        000
__size_of___lwdiv        (abs)        000
__size_of___wmul         (abs)        000
__size_of_main           (abs)        000
__stringbase             strings      751
__stringtab              strings      74C
_cnt10ms                 bssBANK0     03E
_cnt2ms                  bssBANK0     03F
_main                    maintext     7C6
_time10ms                bitbssCOMMON 388
_time2ms                 bitbssCOMMON 389
btemp                    (abs)        07E
clear_ram0               clrtext      7B9
end_of_initialization    cinit        022
init_fetch0              inittext     778
init_ram0                inittext     77C
interrupt_function       intentry     004
intlevel0                functab      000
intlevel1                functab      000
intlevel2                functab      000
intlevel3                functab      000
intlevel4                functab      000
intlevel5                functab      000
reset_vec                reset_vec    000
saved_w                  (abs)        07E
stackhi                  (abs)        000
stacklo                  (abs)        000
start                    init         00C
start_initialization     cinit        00D
wtemp0                   (abs)        07E


FUNCTION INFORMATION:

 *************** function _main *****************
 Defined at:
		line 3 in file "C:\Users\Administrator\Desktop\project\K13-01\code\main.c"
 Parameters:    Size  Location     Type
		None
 Auto vars:     Size  Location     Type
		None
 Return value:  Size  Location     Type
                  1    wreg      void 
 Registers used:
		wreg, fsr0l, fsr0h, status,2, status,0, btemp+1, pclath, cstack
 Tracked objects:
		On entry : 
		On exit  : 
		Unchanged: 
 Data sizes:     COMMON   BANK0   BANK1
      Params:         0       0       0
      Locals:         0       0       0
      Temps:          0       0       0
      Totals:         0       0       0
Total ram usage:        0 bytes
 Hardware stack levels required when called:    6
 This function calls:
		_Apply
		_SystemInit
 This function is called by:
		Startup code after reset
 This function uses a non-reentrant model


 *************** function _SystemInit *****************
 Defined at:
		line 113 in file "C:\Users\Administrator\Desktop\project\K13-01\code\K13-01.c"
 Parameters:    Size  Location     Type
		None
 Auto vars:     Size  Location     Type
		None
 Return value:  Size  Location     Type
                  1    wreg      void 
 Registers used:
		wreg, status,2, status,0, pclath, cstack
 Tracked objects:
		On entry : 
		On exit  : 
		Unchanged: 
 Data sizes:     COMMON   BANK0   BANK1
      Params:         0       0       0
      Locals:         0       0       0
      Temps:          0       0       0
      Totals:         0       0       0
Total ram usage:        0 bytes
 Hardware stack levels used:    1
 Hardware stack levels required when called:    3
 This function calls:
		_GPIOInit
		_TimerInit
 This function is called by:
		_main
 This function uses a non-reentrant model


 *************** function _TimerInit *****************
 Defined at:
		line 153 in file "C:\Users\Administrator\Desktop\project\K13-01\code\K13-01.c"
 Parameters:    Size  Location     Type
		None
 Auto vars:     Size  Location     Type
		None
 Return value:  Size  Location     Type
                  1    wreg      void 
 Registers used:
		wreg
 Tracked objects:
		On entry : 
		On exit  : 
		Unchanged: 
 Data sizes:     COMMON   BANK0   BANK1
      Params:         0       0       0
      Locals:         0       0       0
      Temps:          0       0       0
      Totals:         0       0       0
Total ram usage:        0 bytes
 Hardware stack levels used:    1
 Hardware stack levels required when called:    2
 This function calls:
		Nothing
 This function is called by:
		_SystemInit
 This function uses a non-reentrant model


 *************** function _GPIOInit *****************
 Defined at:
		line 122 in file "C:\Users\Administrator\Desktop\project\K13-01\code\K13-01.c"
 Parameters:    Size  Location     Type
		None
 Auto vars:     Size  Location     Type
		None
 Return value:  Size  Location     Type
                  1    wreg      void 
 Registers used:
		wreg, status,2
 Tracked objects:
		On entry : 
		On exit  : 
		Unchanged: 
 Data sizes:     COMMON   BANK0   BANK1
      Params:         0       0       0
      Locals:         0       0       0
      Temps:          0       0       0
      Totals:         0       0       0
Total ram usage:        0 bytes
 Hardware stack levels used:    1
 Hardware stack levels required when called:    2
 This function calls:
		Nothing
 This function is called by:
		_SystemInit
 This function uses a non-reentrant model


 *************** function _Apply *****************
 Defined at:
		line 24 in file "C:\Users\Administrator\Desktop\project\K13-01\code\K13-01.c"
 Parameters:    Size  Location     Type
		None
 Auto vars:     Size  Location     Type
		None
 Return value:  Size  Location     Type
                  1    wreg      void 
 Registers used:
		wreg, fsr0l, fsr0h, status,2, status,0, btemp+1, pclath, cstack
 Tracked objects:
		On entry : 
		On exit  : 
		Unchanged: 
 Data sizes:     COMMON   BANK0   BANK1
      Params:         0       0       0
      Locals:         0       0       0
      Temps:          0       0       0
      Totals:         0       0       0
Total ram usage:        0 bytes
 Hardware stack levels used:    1
 Hardware stack levels required when called:    5
 This function calls:
		_ADCPro
		_DisplayPro
		_KeyScan
		_Motor
		_Sec1sPro
 This function is called by:
		_main
 This function uses a non-reentrant model


 *************** function _Sec1sPro *****************
 Defined at:
		line 66 in file "C:\Users\Administrator\Desktop\project\K13-01\code\ADC.c"
 Parameters:    Size  Location     Type
		None
 Auto vars:     Size  Location     Type
  TempPercent     2    6[BANK0 ] unsigned int 
  PercentErr      1    5[BANK0 ] unsigned char 
 Return value:  Size  Location     Type
                  1    wreg      void 
 Registers used:
		wreg, status,2, status,0, pclath, cstack
 Tracked objects:
		On entry : 
		On exit  : 
		Unchanged: 
 Data sizes:     COMMON   BANK0   BANK1
      Params:         0       0       0
      Locals:         0       3       0
      Temps:          0       2       0
      Totals:         0       5       0
Total ram usage:        5 bytes
 Hardware stack levels used:    1
 Hardware stack levels required when called:    3
 This function calls:
		___bmul
		___lwdiv
 This function is called by:
		_Apply
 This function uses a non-reentrant model


 *************** function ___lwdiv *****************
 Defined at:
		line 6 in file "E:\SCMCU_IDE_V2.00.08_Beta9\data\sources\common\lwdiv.c"
 Parameters:    Size  Location     Type
  divisor         2    3[COMMON] unsigned int 
  dividend        2    5[COMMON] unsigned int 
 Auto vars:     Size  Location     Type
  quotient        2    1[BANK0 ] unsigned int 
  counter         1    0[BANK0 ] unsigned char 
 Return value:  Size  Location     Type
                  2    3[COMMON] unsigned int 
 Registers used:
		wreg, status,2, status,0
 Tracked objects:
		On entry : 
		On exit  : 
		Unchanged: 
 Data sizes:     COMMON   BANK0   BANK1
      Params:         4       0       0
      Locals:         0       3       0
      Temps:          0       0       0
      Totals:         4       3       0
Total ram usage:        7 bytes
 Hardware stack levels used:    1
 Hardware stack levels required when called:    2
 This function calls:
		Nothing
 This function is called by:
		_Sec1sPro
 This function uses a non-reentrant model


 *************** function _Motor *****************
 Defined at:
		line 7 in file "C:\Users\Administrator\Desktop\project\K13-01\code\Motor.c"
 Parameters:    Size  Location     Type
		None
 Auto vars:     Size  Location     Type
		None
 Return value:  Size  Location     Type
                  1    wreg      void 
 Registers used:
		wreg, status,2, status,0, pclath, cstack
 Tracked objects:
		On entry : 
		On exit  : 
		Unchanged: 
 Data sizes:     COMMON   BANK0   BANK1
      Params:         0       0       0
      Locals:         0       0       0
      Temps:          0       0       0
      Totals:         0       0       0
Total ram usage:        0 bytes
 Hardware stack levels used:    1
 Hardware stack levels required when called:    3
 This function calls:
		___wmul
 This function is called by:
		_Apply
 This function uses a non-reentrant model


 *************** function ___wmul *****************
 Defined at:
		line 15 in file "E:\SCMCU_IDE_V2.00.08_Beta9\data\sources\common\Umul16.c"
 Parameters:    Size  Location     Type
  multiplier      2    3[COMMON] unsigned int 
  multiplicand    2    5[COMMON] unsigned int 
 Auto vars:     Size  Location     Type
  product         2    0[BANK0 ] unsigned int 
 Return value:  Size  Location     Type
                  2    3[COMMON] unsigned int 
 Registers used:
		wreg, status,2, status,0
 Tracked objects:
		On entry : 
		On exit  : 
		Unchanged: 
 Data sizes:     COMMON   BANK0   BANK1
      Params:         4       0       0
      Locals:         0       2       0
      Temps:          0       0       0
      Totals:         4       2       0
Total ram usage:        6 bytes
 Hardware stack levels used:    1
 Hardware stack levels required when called:    2
 This function calls:
		Nothing
 This function is called by:
		_Motor
 This function uses a non-reentrant model


 *************** function _KeyScan *****************
 Defined at:
		line 9 in file "C:\Users\Administrator\Desktop\project\K13-01\code\Key.c"
 Parameters:    Size  Location     Type
		None
 Auto vars:     Size  Location     Type
		None
 Return value:  Size  Location     Type
                  1    wreg      void 
 Registers used:
		wreg, status,2, status,0
 Tracked objects:
		On entry : 
		On exit  : 
		Unchanged: 
 Data sizes:     COMMON   BANK0   BANK1
      Params:         0       0       0
      Locals:         0       0       0
      Temps:          1       0       0
      Totals:         1       0       0
Total ram usage:        1 bytes
 Hardware stack levels used:    1
 Hardware stack levels required when called:    2
 This function calls:
		Nothing
 This function is called by:
		_Apply
 This function uses a non-reentrant model


 *************** function _DisplayPro *****************
 Defined at:
		line 144 in file "C:\Users\Administrator\Desktop\project\K13-01\code\LED.c"
 Parameters:    Size  Location     Type
		None
 Auto vars:     Size  Location     Type
		None
 Return value:  Size  Location     Type
                  1    wreg      void 
 Registers used:
		wreg, fsr0l, fsr0h, status,2, status,0, btemp+1, pclath, cstack
 Tracked objects:
		On entry : 
		On exit  : 
		Unchanged: 
 Data sizes:     COMMON   BANK0   BANK1
      Params:         0       0       0
      Locals:         0       0       0
      Temps:          0       0       0
      Totals:         0       0       0
Total ram usage:        0 bytes
 Hardware stack levels used:    1
 Hardware stack levels required when called:    4
 This function calls:
		_DisplayIcon
		_ErrPro
		_LockPro
		_USBLedPro
		_WorkLedPro
 This function is called by:
		_Apply
 This function uses a non-reentrant model


 *************** function _WorkLedPro *****************
 Defined at:
		line 192 in file "C:\Users\Administrator\Desktop\project\K13-01\code\LED.c"
 Parameters:    Size  Location     Type
		None
 Auto vars:     Size  Location     Type
		None
 Return value:  Size  Location     Type
                  1    wreg      void 
 Registers used:
		wreg, fsr0l, fsr0h, status,2, status,0, btemp+1, pclath, cstack
 Tracked objects:
		On entry : 
		On exit  : 
		Unchanged: 
 Data sizes:     COMMON   BANK0   BANK1
      Params:         0       0       0
      Locals:         0       0       0
      Temps:          0       2       0
      Totals:         0       2       0
Total ram usage:        2 bytes
 Hardware stack levels used:    1
 Hardware stack levels required when called:    3
 This function calls:
		___bmul
		___lbdiv
		___lbmod
 This function is called by:
		_DisplayPro
 This function uses a non-reentrant model


 *************** function ___bmul *****************
 Defined at:
		line 4 in file "E:\SCMCU_IDE_V2.00.08_Beta9\data\sources\common\Umul8.c"
 Parameters:    Size  Location     Type
  multiplier      1    wreg     unsigned char 
  multiplicand    1    3[COMMON] unsigned char 
 Auto vars:     Size  Location     Type
  multiplier      1    5[COMMON] unsigned char 
  product         1    4[COMMON] unsigned char 
 Return value:  Size  Location     Type
                  1    wreg      unsigned char 
 Registers used:
		wreg, status,2, status,0
 Tracked objects:
		On entry : 
		On exit  : 
		Unchanged: 
 Data sizes:     COMMON   BANK0   BANK1
      Params:         1       0       0
      Locals:         2       0       0
      Temps:          0       0       0
      Totals:         3       0       0
Total ram usage:        3 bytes
 Hardware stack levels used:    1
 Hardware stack levels required when called:    2
 This function calls:
		Nothing
 This function is called by:
		_Sec1sPro
		_WorkLedPro
 This function uses a non-reentrant model


 *************** function _USBLedPro *****************
 Defined at:
		line 154 in file "C:\Users\Administrator\Desktop\project\K13-01\code\LED.c"
 Parameters:    Size  Location     Type
		None
 Auto vars:     Size  Location     Type
		None
 Return value:  Size  Location     Type
                  1    wreg      void 
 Registers used:
		wreg, fsr0l, fsr0h, status,2, status,0, btemp+1, pclath, cstack
 Tracked objects:
		On entry : 
		On exit  : 
		Unchanged: 
 Data sizes:     COMMON   BANK0   BANK1
      Params:         0       0       0
      Locals:         0       0       0
      Temps:          0       3       0
      Totals:         0       3       0
Total ram usage:        3 bytes
 Hardware stack levels used:    1
 Hardware stack levels required when called:    3
 This function calls:
		___lbdiv
		___lbmod
 This function is called by:
		_DisplayPro
 This function uses a non-reentrant model


 *************** function ___lbmod *****************
 Defined at:
		line 4 in file "E:\SCMCU_IDE_V2.00.08_Beta9\data\sources\common\lbmod.c"
 Parameters:    Size  Location     Type
  dividend        1    wreg     unsigned char 
  divisor         1    3[COMMON] unsigned char 
 Auto vars:     Size  Location     Type
  dividend        1    5[COMMON] unsigned char 
  rem             1    7[COMMON] unsigned char 
  counter         1    6[COMMON] unsigned char 
 Return value:  Size  Location     Type
                  1    wreg      unsigned char 
 Registers used:
		wreg, status,2, status,0
 Tracked objects:
		On entry : 
		On exit  : 
		Unchanged: 
 Data sizes:     COMMON   BANK0   BANK1
      Params:         1       0       0
      Locals:         3       0       0
      Temps:          1       0       0
      Totals:         5       0       0
Total ram usage:        5 bytes
 Hardware stack levels used:    1
 Hardware stack levels required when called:    2
 This function calls:
		Nothing
 This function is called by:
		_WorkLedPro
		_USBLedPro
 This function uses a non-reentrant model


 *************** function ___lbdiv *****************
 Defined at:
		line 4 in file "E:\SCMCU_IDE_V2.00.08_Beta9\data\sources\common\lbdiv.c"
 Parameters:    Size  Location     Type
  dividend        1    wreg     unsigned char 
  divisor         1    3[COMMON] unsigned char 
 Auto vars:     Size  Location     Type
  dividend        1    4[COMMON] unsigned char 
  quotient        1    6[COMMON] unsigned char 
  counter         1    5[COMMON] unsigned char 
 Return value:  Size  Location     Type
                  1    wreg      unsigned char 
 Registers used:
		wreg, status,2, status,0
 Tracked objects:
		On entry : 
		On exit  : 
		Unchanged: 
 Data sizes:     COMMON   BANK0   BANK1
      Params:         1       0       0
      Locals:         3       0       0
      Temps:          0       0       0
      Totals:         4       0       0
Total ram usage:        4 bytes
 Hardware stack levels used:    1
 Hardware stack levels required when called:    2
 This function calls:
		Nothing
 This function is called by:
		_WorkLedPro
		_USBLedPro
 This function uses a non-reentrant model


 *************** function _LockPro *****************
 Defined at:
		line 255 in file "C:\Users\Administrator\Desktop\project\K13-01\code\LED.c"
 Parameters:    Size  Location     Type
		None
 Auto vars:     Size  Location     Type
		None
 Return value:  Size  Location     Type
                  1    wreg      void 
 Registers used:
		wreg, fsr0l, fsr0h, status,2, status,0, btemp+1
 Tracked objects:
		On entry : 
		On exit  : 
		Unchanged: 
 Data sizes:     COMMON   BANK0   BANK1
      Params:         0       0       0
      Locals:         0       0       0
      Temps:          2       0       0
      Totals:         2       0       0
Total ram usage:        2 bytes
 Hardware stack levels used:    1
 Hardware stack levels required when called:    2
 This function calls:
		Nothing
 This function is called by:
		_DisplayPro
 This function uses a non-reentrant model


 *************** function _ErrPro *****************
 Defined at:
		line 314 in file "C:\Users\Administrator\Desktop\project\K13-01\code\LED.c"
 Parameters:    Size  Location     Type
		None
 Auto vars:     Size  Location     Type
		None
 Return value:  Size  Location     Type
                  1    wreg      void 
 Registers used:
		wreg, status,2, status,0
 Tracked objects:
		On entry : 
		On exit  : 
		Unchanged: 
 Data sizes:     COMMON   BANK0   BANK1
      Params:         0       0       0
      Locals:         0       0       0
      Temps:          0       0       0
      Totals:         0       0       0
Total ram usage:        0 bytes
 Hardware stack levels used:    1
 Hardware stack levels required when called:    2
 This function calls:
		Nothing
 This function is called by:
		_DisplayPro
 This function uses a non-reentrant model


 *************** function _DisplayIcon *****************
 Defined at:
		line 124 in file "C:\Users\Administrator\Desktop\project\K13-01\code\LED.c"
 Parameters:    Size  Location     Type
  index           2    3[COMMON] unsigned int 
 Auto vars:     Size  Location     Type
  Mask            2    0[BANK0 ] unsigned int 
  i               1    2[BANK0 ] unsigned char 
 Return value:  Size  Location     Type
                  1    wreg      void 
 Registers used:
		wreg, fsr0l, fsr0h, status,2, status,0, pclath
 Tracked objects:
		On entry : 
		On exit  : 
		Unchanged: 
 Data sizes:     COMMON   BANK0   BANK1
      Params:         2       0       0
      Locals:         0       3       0
      Temps:          2       0       0
      Totals:         4       3       0
Total ram usage:        7 bytes
 Hardware stack levels used:    1
 Hardware stack levels required when called:    2
 This function calls:
		Nothing
 This function is called by:
		_DisplayPro
 This function uses a non-reentrant model


 *************** function _ADCPro *****************
 Defined at:
		line 11 in file "C:\Users\Administrator\Desktop\project\K13-01\code\ADC.c"
 Parameters:    Size  Location     Type
		None
 Auto vars:     Size  Location     Type
		None
 Return value:  Size  Location     Type
                  1    wreg      void 
 Registers used:
		wreg, fsr0l, fsr0h, status,2, status,0, pclath, cstack
 Tracked objects:
		On entry : 
		On exit  : 
		Unchanged: 
 Data sizes:     COMMON   BANK0   BANK1
      Params:         0       0       0
      Locals:         0       0       0
      Temps:          0       0       0
      Totals:         0       0       0
Total ram usage:        0 bytes
 Hardware stack levels used:    1
 Hardware stack levels required when called:    4
 This function calls:
		_ADCRead
 This function is called by:
		_Apply
 This function uses a non-reentrant model


 *************** function _ADCRead *****************
 Defined at:
		line 176 in file "C:\Users\Administrator\Desktop\project\K13-01\code\ADC.c"
 Parameters:    Size  Location     Type
  ch              1    wreg     unsigned char 
  Val             1   21[BANK0 ] PTR unsigned int 
		 -> ADCVal(6), 
 Auto vars:     Size  Location     Type
  ch              1    0[BANK1 ] unsigned char 
  ad_temp         2    5[BANK1 ] unsigned int 
  AD_L            2    3[BANK1 ] unsigned int 
  AD_H            2    1[BANK1 ] unsigned int 
 Return value:  Size  Location     Type
                  1    wreg      void 
 Registers used:
		wreg, fsr0l, fsr0h, status,2, status,0, pclath, cstack
 Tracked objects:
		On entry : 
		On exit  : 
		Unchanged: 
 Data sizes:     COMMON   BANK0   BANK1
      Params:         0       1       0
      Locals:         0       0       7
      Temps:          0       8       0
      Totals:         0       9       7
Total ram usage:       16 bytes
 Hardware stack levels used:    1
 Hardware stack levels required when called:    3
 This function calls:
		_ADSample
		___lldiv
		___lmul
 This function is called by:
		_ADCPro
 This function uses a non-reentrant model


 *************** function ___lmul *****************
 Defined at:
		line 15 in file "E:\SCMCU_IDE_V2.00.08_Beta9\data\sources\common\Umul32.c"
 Parameters:    Size  Location     Type
  multiplier      4    0[BANK0 ] unsigned long 
  multiplicand    4    4[BANK0 ] unsigned long 
 Auto vars:     Size  Location     Type
  product         4    3[COMMON] unsigned long 
 Return value:  Size  Location     Type
                  4    0[BANK0 ] unsigned long 
 Registers used:
		wreg, status,2, status,0
 Tracked objects:
		On entry : 
		On exit  : 
		Unchanged: 
 Data sizes:     COMMON   BANK0   BANK1
      Params:         0       8       0
      Locals:         4       0       0
      Temps:          0       0       0
      Totals:         4       8       0
Total ram usage:       12 bytes
 Hardware stack levels used:    1
 Hardware stack levels required when called:    2
 This function calls:
		Nothing
 This function is called by:
		_ADCRead
 This function uses a non-reentrant model


 *************** function ___lldiv *****************
 Defined at:
		line 6 in file "E:\SCMCU_IDE_V2.00.08_Beta9\data\sources\common\lldiv.c"
 Parameters:    Size  Location     Type
  divisor         4    8[BANK0 ] unsigned long 
  dividend        4   12[BANK0 ] unsigned long 
 Auto vars:     Size  Location     Type
  quotient        4   16[BANK0 ] unsigned long 
  counter         1   20[BANK0 ] unsigned char 
 Return value:  Size  Location     Type
                  4    8[BANK0 ] unsigned long 
 Registers used:
		wreg, status,2, status,0
 Tracked objects:
		On entry : 
		On exit  : 
		Unchanged: 
 Data sizes:     COMMON   BANK0   BANK1
      Params:         0       8       0
      Locals:         0       5       0
      Temps:          0       0       0
      Totals:         0      13       0
Total ram usage:       13 bytes
 Hardware stack levels used:    1
 Hardware stack levels required when called:    2
 This function calls:
		Nothing
 This function is called by:
		_ADCRead
 This function uses a non-reentrant model


 *************** function _ADSample *****************
 Defined at:
		line 233 in file "C:\Users\Administrator\Desktop\project\K13-01\code\ADC.c"
 Parameters:    Size  Location     Type
  ch              1    wreg     unsigned char 
 Auto vars:     Size  Location     Type
  ch              1    4[COMMON] unsigned char 
  i               1    5[COMMON] volatile unsigned char 
 Return value:  Size  Location     Type
                  1    wreg      unsigned char 
 Registers used:
		wreg, status,2, status,0
 Tracked objects:
		On entry : 
		On exit  : 
		Unchanged: 
 Data sizes:     COMMON   BANK0   BANK1
      Params:         0       0       0
      Locals:         2       0       0
      Temps:          1       0       0
      Totals:         3       0       0
Total ram usage:        3 bytes
 Hardware stack levels used:    1
 Hardware stack levels required when called:    2
 This function calls:
		Nothing
 This function is called by:
		_ADCRead
 This function uses a non-reentrant model


 *************** function _Isr_Timer *****************
 Defined at:
		line 8 in file "C:\Users\Administrator\Desktop\project\K13-01\code\even.c"
 Parameters:    Size  Location     Type
		None
 Auto vars:     Size  Location     Type
		None
 Return value:  Size  Location     Type
                  1    wreg      void 
 Registers used:
		wreg, fsr0l, fsr0h, status,2, status,0, pclath, cstack
 Tracked objects:
		On entry : 
		On exit  : 
		Unchanged: 
 Data sizes:     COMMON   BANK0   BANK1
      Params:         0       0       0
      Locals:         0       0       0
      Temps:          3       0       0
      Totals:         3       0       0
Total ram usage:        3 bytes
 Hardware stack levels used:    1
 Hardware stack levels required when called:    1
 This function calls:
		_LEDScan
 This function is called by:
		Interrupt level 1
 This function uses a non-reentrant model


 *************** function _LEDScan *****************
 Defined at:
		line 17 in file "C:\Users\Administrator\Desktop\project\K13-01\code\LED.c"
 Parameters:    Size  Location     Type
		None
 Auto vars:     Size  Location     Type
		None
 Return value:  Size  Location     Type
                  1    wreg      void 
 Registers used:
		wreg, fsr0l, fsr0h, status,2, status,0
 Tracked objects:
		On entry : 
		On exit  : 
		Unchanged: 
 Data sizes:     COMMON   BANK0   BANK1
      Params:         0       0       0
      Locals:         0       0       0
      Temps:          0       0       0
      Totals:         0       0       0
Total ram usage:        0 bytes
 Hardware stack levels used:    1
 This function calls:
		Nothing
 This function is called by:
		_Isr_Timer
 This function uses a non-reentrant model



MODULE INFORMATION

Module		Function		Class		Link	Load	Size
E:\SCMCU_IDE_V2.00.08_Beta9\data\sources\common\lbmod.c
		___lbmod       		CODE           	06C8	0000	29

E:\SCMCU_IDE_V2.00.08_Beta9\data\sources\common\lbmod.c estimated size: 29

E:\SCMCU_IDE_V2.00.08_Beta9\data\sources\common\lldiv.c
		___lldiv       		CODE           	0524	0000	73

E:\SCMCU_IDE_V2.00.08_Beta9\data\sources\common\lldiv.c estimated size: 73

C:\Users\Administrator\Desktop\project\K13-01\code\even.c
		_Isr_Timer     		CODE           	06FF	0000	28

C:\Users\Administrator\Desktop\project\K13-01\code\even.c estimated size: 28

C:\Users\Administrator\Desktop\project\K13-01\code\main.c
		_main          		CODE           	07C6	0000	5

C:\Users\Administrator\Desktop\project\K13-01\code\main.c estimated size: 5

E:\SCMCU_IDE_V2.00.08_Beta9\data\sources\common\Umul8.c
		___bmul        		CODE           	0795	0000	15

E:\SCMCU_IDE_V2.00.08_Beta9\data\sources\common\Umul8.c estimated size: 15

E:\SCMCU_IDE_V2.00.08_Beta9\data\sources\common\Umul32.c
		___lmul        		CODE           	061C	0000	52

E:\SCMCU_IDE_V2.00.08_Beta9\data\sources\common\Umul32.c estimated size: 52

C:\Users\Administrator\Desktop\project\K13-01\code\Key.c
		_KeyScan       		CODE           	013A	0000	210

C:\Users\Administrator\Desktop\project\K13-01\code\Key.c estimated size: 210

E:\SCMCU_IDE_V2.00.08_Beta9\data\sources\common\lbdiv.c
		___lbdiv       		CODE           	06E4	0000	28

E:\SCMCU_IDE_V2.00.08_Beta9\data\sources\common\lbdiv.c estimated size: 28

C:\Users\Administrator\Desktop\project\K13-01\code\ADC.c
		_Sec1sPro      		CODE           	0211	0000	193
		_ADCRead       		CODE           	0024	0000	235
		_ADSample      		CODE           	0733	0000	26
		_ADCPro        		CODE           	056C	0000	67

C:\Users\Administrator\Desktop\project\K13-01\code\ADC.c estimated size: 521

C:\Users\Administrator\Desktop\project\K13-01\code\K13-01.c
		_TimerInit     		CODE           	0787	0000	15
		_Apply         		CODE           	06A1	0000	35
		_GPIOInit      		CODE           	0679	0000	41
		_SystemInit    		CODE           	07B0	0000	10

C:\Users\Administrator\Desktop\project\K13-01\code\K13-01.c estimated size: 101

C:\Users\Administrator\Desktop\project\K13-01\code\Motor.c
		_Motor         		CODE           	0476	0000	92

C:\Users\Administrator\Desktop\project\K13-01\code\Motor.c estimated size: 92

shared
		PL12           		CODE           	05D7	0000	14
		PL8            		CODE           	0124	0000	18
		PL22           		CODE           	0371	0000	7
		PL32           		CODE           	020B	0000	7
		PL14           		CODE           	035B	0000	9
		PL24           		CODE           	0377	0000	7
		__stringtab    		STRING         	074C	0000	7
		PL34           		CODE           	0774	0000	5
		PL16           		CODE           	0363	0000	9
		PL26           		CODE           	02DC	0000	7
		PL36           		CODE           	0135	0000	6
		PL18           		CODE           	02D1	0000	12
		PL28           		CODE           	04D1	0000	7
		PL38           		CODE           	06C3	0000	6
		__initialization		CODE           	000D	0000	22
		PL2            		CODE           	03E5	0000	22
		PL10           		CODE           	03FA	0000	16
		PL4            		CODE           	010E	0000	23
		PL20           		CODE           	036B	0000	7
		_LEDSeg1       		STRING         	0752	0000	17
		PL30           		CODE           	0470	0000	7
		PL6            		CODE           	0464	0000	13
		PL40           		CODE           	05E4	0000	6

shared estimated size: 254

E:\SCMCU_IDE_V2.00.08_Beta9\data\sources\common\Umul16.c
		___wmul        		CODE           	071A	0000	26

E:\SCMCU_IDE_V2.00.08_Beta9\data\sources\common\Umul16.c estimated size: 26

C:\Users\Administrator\Desktop\project\K13-01\code\LED.c
		_LockPro       		CODE           	04D7	0000	78
		_WorkLedPro    		CODE           	037D	0000	105
		_LEDScan       		CODE           	02E2	0000	122
		_ErrPro        		CODE           	0762	0000	19
		_DisplayPro    		CODE           	07A3	0000	14
		_DisplayIcon   		CODE           	05AE	0000	42
		_USBLedPro     		CODE           	0409	0000	92

C:\Users\Administrator\Desktop\project\K13-01\code\LED.c estimated size: 472

E:\SCMCU_IDE_V2.00.08_Beta9\data\sources\common\lwdiv.c
		___lwdiv       		CODE           	064F	0000	43

E:\SCMCU_IDE_V2.00.08_Beta9\data\sources\common\lwdiv.c estimated size: 43

