Microchip MPLAB XC8 Compiler V1.45 ()

Linker command line:

-W-9 --edf=E:\SCMCU_IDE_V2.00.08_Beta9\data\dat\en_msgs.txt -cs \
  -h+K06-43.sym --cmf=K06-43.cmf -z -QSC8P1713S \
  -oC:\Users\ADMINI~1\AppData\Local\Temp\s8e8.2 -MK06-43.map -E1 -ver=XC8 \
  -ASTACK=0A0h-0efh -pstack=STACK -ACODE=00h-07FFh -ASTRCODE=00h-07FFh \
  -ASTRING=00h-0FFhx8 -ACONST=00h-0FFhx8 -AENTRY=00h-0FFhx8 \
  -ACOMMON=070h-07Fh -ABANK0=020h-06Fh -ABANK1=0A0h-0EFh \
  -ARAM=020h-06Fh,0A0h-0EFh -AABS1=020h-07Fh,0A0h-0EFh -ASFR0=00h-01Fh \
  -ASFR1=080h-09Fh -ASFR2=0100h-016Fh -ASFR3=0180h-01EFh \
  -preset_vec=00h,intentry=04h,init,end_init -ppowerup=CODE -pcinit=CODE \
  -pfunctab=ENTRY -ACONFIG=02007h-02008h -pconfig=CONFIG -DCONFIG=2 \
  -AIDLOC=02000h-02003h -pidloc=IDLOC -DIDLOC=2 -DCODE=2 -DSTRCODE=2 \
  -DSTRING=2 -DCONST=2 -DENTRY=2 -k startup.obj K06-43.obj 

Object code version is 3.11

Machine type is SC8P1713S



                Name                               Link     Load   Length Selector   Space Scale
startup.obj     end_init                              A        A        1        8       0
                reset_vec                             0        0        1        0       0
K06-43.obj      cinit                                 B        B       14        8       0
                intentry                              4        4        6        8       0
                text15                              348      348       24        8       0
                text14                              25C      25C       54        8       0
                text13                              38E      38E       1B        8       0
                text12                              31E      31E       2A        8       0
                text11                              3A9      3A9       19        8       0
                swtext3                             400      400        3      800       0
                text10                               1F       1F      104        8       0
                swtext2                               1        1        3        2       0
                text9                               2F2      2F2       2C        8       0
                text8                               3C2      3C2       15        8       0
                text7                               403      403        1      806       0
                text6                               123      123       B5        8       0
                swtext1                             3FB      3FB        4      7F6       0
                text5                               1D8      1D8       84        8       0
                text4                               2B0      2B0       42        8       0
                text3                               36C      36C       22        8       0
                text2                               3D7      3D7        F        8       0
                text1                               3EE      3EE        8        8       0
                maintext                            3F6      3F6        5        8       0
                cstackBANK0                          20       20       23       20       1
                cstackCOMMON                         71       71        7       70       1
                clrtext                             3E6      3E6        8        8       0
                dataBANK0                            5E       5E        4       20       1
                bssBANK0                             43       43       1B       20       1
                bssCOMMON                            78       78        5       70       1
                bitbssCOMMON                        380       70        8       70       1     8
                bitnvCOMMON                         3E8       7D        1       70       1     8

TOTAL           Name                               Link     Load   Length     Space
        CLASS   STACK          

        CLASS   CODE           
                end_init                              A        A        1         0
                cinit                                 B        B       14         0
                intentry                              4        4        6         0
                reset_vec                             0        0        1         0
                text15                              348      348       24         0
                text14                              25C      25C       54         0
                text13                              38E      38E       1B         0
                text12                              31E      31E       2A         0
                text11                              3A9      3A9       19         0
                text10                               1F       1F      104         0
                text9                               2F2      2F2       2C         0
                text8                               3C2      3C2       15         0
                text7                               403      403        1         0
                text6                               123      123       B5         0
                text5                               1D8      1D8       84         0
                text4                               2B0      2B0       42         0
                text3                               36C      36C       22         0
                text2                               3D7      3D7        F         0
                text1                               3EE      3EE        8         0
                maintext                            3F6      3F6        5         0
                clrtext                             3E6      3E6        8         0

        CLASS   STRCODE        

        CLASS   STRING         

        CLASS   CONST          
                swtext3                             400      400        3         0
                swtext2                               1        1        3         0
                swtext1                             3FB      3FB        4         0

        CLASS   ENTRY          

        CLASS   COMMON         
                cstackCOMMON                         71       71        7         1
                bssCOMMON                            78       78        5         1
                bitbssCOMMON                        380       70        8         1
                bitnvCOMMON                         3E8       7D        1         1

        CLASS   BANK0          
                cstackBANK0                          20       20       23         1
                dataBANK0                            5E       5E        4         1
                bssBANK0                             43       43       1B         1

        CLASS   BANK1          

        CLASS   RAM            

        CLASS   ABS1           
                abs_s1                               7E       7E        2         1

        CLASS   SFR0           

        CLASS   SFR1           

        CLASS   SFR2           

        CLASS   SFR3           

        CLASS   CONFIG         

        CLASS   IDLOC          

        CLASS   BANK3          

        CLASS   BANK2          

        CLASS   EEDATA         



SEGMENTS        Name                           Load    Length   Top    Selector   Space  Class     Delta

                reset_vec                      000000  000001  000001         0       0  CODE        2
                swtext2                        000001  000003  000004         2       0  CONST       2
                intentry                       000004  0003F7  0003FB         8       0  CODE        2
                cstackBANK0                    000020  000042  000062        20       1  BANK0       1
                bitbssCOMMON                   000070  00000E  00007E        70       1  COMMON      1
                swtext1                        0003FB  000004  0003FF       7F6       0  CONST       2
                swtext3                        000400  000003  000403       800       0  CONST       2
                text7                          000403  000001  000404       806       0  CODE        2


UNUSED ADDRESS RANGES

        Name                Unused          Largest block    Delta
        BANK0            062-06F             E           1
        BANK1            0A0-0EF            50           1
        CODE             3FF-3FF             1           2
                         404-7FF           3FC
        CONFIG           2007-2008             2           2
        CONST            3FF-3FF             1           2
                         404-7FF           100
        ENTRY            3FF-3FF             1           2
                         404-7FF           100
        IDLOC            2000-2003             4           2
        RAM              062-06F             E           1
                         0A0-0EF            50
        SFR0             000-01F            20           1
        SFR1             080-09F            20           1
        SFR2             100-16F            70           1
        SFR3             180-1EF            70           1
        STACK            0A0-0EF            50           1
        STRCODE          3FF-3FF             1           2
                         404-7FF           3FC
        STRING           3FF-3FF             1           2
                         404-7FF           100

                                  Symbol Table

?___lwdiv                cstackBANK0  026
?___lwmod                cstackCOMMON 071
?___wmul                 cstackBANK0  020
ADCRead@AD_H             cstackBANK0  03D
ADCRead@AD_L             cstackBANK0  03F
ADCRead@Module           cstackBANK0  02D
ADCRead@Val              cstackBANK0  031
ADCRead@ad_temp          cstackBANK0  041
ADCRead@ch               cstackBANK0  03C
ADSample@ch              cstackBANK0  021
ADSample@i               cstackBANK0  022
LEDScan@LEDScanIndex     bssCOMMON    07C
PL10                     text10       111
PL12                     text10       118
PL14                     text6        1D2
PL16                     text10       11E
PL2                      text14       2A9
PL4                      text10       0FC
PL6                      text10       103
PL8                      text9        315
_ADCModule               dataBANK0    05E
_ADCON0                  (abs)        01F
_ADCON1                  (abs)        09F
_ADCPro                  text9        2F2
_ADCRead                 text10       01F
_ADCState                bssBANK0     04D
_ADCVal                  bssBANK0     051
_ADRESH                  (abs)        01E
_ADRESL                  (abs)        09E
_ADSample                text13       38E
_ADcnt                   bssBANK0     05D
_ADmax                   bssBANK0     05B
_ADmin                   bssBANK0     059
_ADsum                   bssBANK0     057
_ANS10                   (abs)        C4A
_ANS8                    (abs)        C48
_AllLedFlag              bitnvCOMMON  3E8
_Apply                   text4        2B0
_BeepCnt                 bssBANK0     04C
_BeepFlag                bitbssCOMMON 380
_BeepPro                 text8        3C2
_BeepTemp                bssBANK0     04B
_ChargePro               text7        403
_GODONE                  (abs)        0F9
_GPIOInit                text3        36C
_INTCON                  (abs)        00B
_Isr_Timer               text14       25C
_KeyCnt                  bssCOMMON    078
_KeyFlag                 bitbssCOMMON 383
_KeyInBuf                bitbssCOMMON 384
_KeyInFlag               bitbssCOMMON 386
_KeyLock                 bitbssCOMMON 382
_KeyScan                 text6        123
_LEDScan                 text5        1D8
_LED_RAM                 bssBANK0     043
_OSCCON                  (abs)        08F
_PIE1                    (abs)        08C
_PORTA                   (abs)        005
_PORTB                   (abs)        006
_PORTC                   (abs)        007
_PORTE                   (abs)        009
_RA0                     (abs)        028
_RA1                     (abs)        029
_RA2                     (abs)        02A
_RA3                     (abs)        02B
_RA4                     (abs)        02C
_RA5                     (abs)        02D
_RB4                     (abs)        034
_RB5                     (abs)        035
_RB6                     (abs)        036
_RB7                     (abs)        037
_RBPU                    (abs)        40F
_RC0                     (abs)        038
_RC1                     (abs)        039
_RC2                     (abs)        03A
_RE0                     (abs)        048
_SystemInit              text1        3EE
_SystemONFlag            bssBANK0     04F
_T1CON                   (abs)        010
_TMR1H                   (abs)        00F
_TMR1IF                  (abs)        060
_TMR1L                   (abs)        00E
_TRISA                   (abs)        085
_TRISB                   (abs)        086
_TRISB1                  (abs)        431
_TRISB2                  (abs)        432
_TRISB6                  (abs)        436
_TRISB7                  (abs)        437
_TRISC                   (abs)        087
_TRISE                   (abs)        089
_Time1sCnt               bssBANK0     04E
_TimerInit               text2        3D7
_TimerTick               bssCOMMON    07A
_USBCnt                  bssBANK0     047
_USBFlag                 bitbssCOMMON 387
_USBInFlag               bitbssCOMMON 385
_USBLock                 bitbssCOMMON 381
_VarPowerUpCount         bssBANK0     049
_WDTCON                  (abs)        105
_WPUA                    (abs)        18E
_WPUB                    (abs)        095
_WPUB1                   (abs)        4A9
_WPUB2                   (abs)        4AA
_WPUB6                   (abs)        4AE
_WPUB7                   (abs)        4AF
_WPUC                    (abs)        18F
_WPUE                    (abs)        11A
__Habs1                  abs1         000
__Hbank0                 bank0        000
__Hbank1                 bank1        000
__Hbank2                 bank2        000
__Hbank3                 bank3        000
__HbitbssCOMMON          bitbssCOMMON 000
__HbitnvCOMMON           bitnvCOMMON  000
__HbssBANK0              bssBANK0     000
__HbssCOMMON             bssCOMMON    000
__Hcinit                 cinit        01F
__Hclrtext               clrtext      000
__Hcode                  code         000
__Hcommon                common       000
__Hconfig                config       000
__HcstackBANK0           cstackBANK0  000
__HcstackCOMMON          cstackCOMMON 000
__HdataBANK0             dataBANK0    000
__Heeprom_data           eeprom_data  000
__Hend_init              end_init     00B
__Hfunctab               functab      000
__HidataBANK0            idataBANK0   000
__Hidloc                 idloc        000
__Hinit                  init         00A
__Hintentry              intentry     00A
__Hmaintext              maintext     000
__Hpa_nodes0             pa_nodes0    000
__Hpowerup               powerup      000
__Hram                   ram          000
__Hreset_vec             reset_vec    001
__Hsfr0                  sfr0         000
__Hsfr1                  sfr1         000
__Hsfr2                  sfr2         000
__Hsfr3                  sfr3         000
__Hspace_0               (abs)        404
__Hspace_1               (abs)        3E9
__Hspace_2               (abs)        000
__Hspace_3               (abs)        000
__Hstack                 stack        000
__Hstrings               strings      000
__Htext                  text         000
__Labs1                  abs1         000
__Lbank0                 bank0        000
__Lbank1                 bank1        000
__Lbank2                 bank2        000
__Lbank3                 bank3        000
__LbitbssCOMMON          bitbssCOMMON 000
__LbitnvCOMMON           bitnvCOMMON  000
__LbssBANK0              bssBANK0     000
__LbssCOMMON             bssCOMMON    000
__Lcinit                 cinit        00B
__Lclrtext               clrtext      000
__Lcode                  code         000
__Lcommon                common       000
__Lconfig                config       000
__LcstackBANK0           cstackBANK0  000
__LcstackCOMMON          cstackCOMMON 000
__LdataBANK0             dataBANK0    000
__Leeprom_data           eeprom_data  000
__Lend_init              end_init     00A
__Lfunctab               functab      000
__LidataBANK0            idataBANK0   000
__Lidloc                 idloc        000
__Linit                  init         00A
__Lintentry              intentry     004
__Lmaintext              maintext     000
__Lpa_nodes0             pa_nodes0    000
__Lpowerup               powerup      000
__Lram                   ram          000
__Lreset_vec             reset_vec    000
__Lsfr0                  sfr0         000
__Lsfr1                  sfr1         000
__Lsfr2                  sfr2         000
__Lsfr3                  sfr3         000
__Lspace_0               (abs)        000
__Lspace_1               (abs)        000
__Lspace_2               (abs)        000
__Lspace_3               (abs)        000
__Lstack                 stack        000
__Lstrings               strings      000
__Ltext                  text         000
__S0                     (abs)        404
__S1                     (abs)        07E
__S2                     (abs)        000
___int_sp                stack        000
___latbits               (abs)        000
___lwdiv                 text12       31E
___lwdiv@counter         cstackBANK0  02A
___lwdiv@dividend        cstackBANK0  028
___lwdiv@divisor         cstackBANK0  026
___lwdiv@quotient        cstackBANK0  02B
___lwmod                 text15       348
___lwmod@counter         cstackCOMMON 075
___lwmod@dividend        cstackCOMMON 073
___lwmod@divisor         cstackCOMMON 071
___sp                    stack        000
___wmul                  text11       3A9
___wmul@multiplicand     cstackBANK0  022
___wmul@multiplier       cstackBANK0  020
___wmul@product          cstackBANK0  024
__end_ofPL10             text10       118
__end_ofPL12             text10       11E
__end_ofPL14             text6        1D8
__end_ofPL16             text10       123
__end_ofPL2              text14       2B0
__end_ofPL4              text10       103
__end_ofPL6              text10       111
__end_ofPL8              text9        31E
__end_of_ADCPro          text9        315
__end_of_ADCRead         text10       0FC
__end_of_ADSample        text13       3A9
__end_of_Apply           text4        2F2
__end_of_BeepPro         text8        3D7
__end_of_ChargePro       text7        404
__end_of_GPIOInit        text3        38E
__end_of_Isr_Timer       text14       2A9
__end_of_KeyScan         text6        1D2
__end_of_LEDScan         text5        25C
__end_of_SystemInit      text1        3F6
__end_of_TimerInit       text2        3E6
__end_of___lwdiv         text12       348
__end_of___lwmod         text15       36C
__end_of___wmul          text11       3C2
__end_of__initialization cinit        01D
__end_of_main            maintext     3FB
__initialization         cinit        00B
__pbitbssCOMMON          bitbssCOMMON 380
__pbitnvCOMMON           bitnvCOMMON  3E8
__pbssBANK0              bssBANK0     043
__pbssCOMMON             bssCOMMON    078
__pcstackBANK0           cstackBANK0  020
__pcstackCOMMON          cstackCOMMON 071
__pdataBANK0             dataBANK0    05E
__pidataBANK0            idataBANK0   000
__pintentry              intentry     004
__pmaintext              maintext     3F6
__pswtext1               swtext1      3FB
__pswtext2               swtext2      001
__pswtext3               swtext3      400
__ptext1                 text1        3EE
__ptext10                text10       01F
__ptext11                text11       3A9
__ptext12                text12       31E
__ptext13                text13       38E
__ptext14                text14       25C
__ptext15                text15       348
__ptext2                 text2        3D7
__ptext3                 text3        36C
__ptext4                 text4        2B0
__ptext5                 text5        1D8
__ptext6                 text6        123
__ptext7                 text7        403
__ptext8                 text8        3C2
__ptext9                 text9        2F2
__size_of_ADCPro         (abs)        000
__size_of_ADCRead        (abs)        000
__size_of_ADSample       (abs)        000
__size_of_Apply          (abs)        000
__size_of_BeepPro        (abs)        000
__size_of_ChargePro      (abs)        000
__size_of_GPIOInit       (abs)        000
__size_of_Isr_Timer      (abs)        000
__size_of_KeyScan        (abs)        000
__size_of_LEDScan        (abs)        000
__size_of_SystemInit     (abs)        000
__size_of_TimerInit      (abs)        000
__size_of___lwdiv        (abs)        000
__size_of___lwmod        (abs)        000
__size_of___wmul         (abs)        000
__size_of_main           (abs)        000
_main                    maintext     3F6
_struct_TimerTick        bssBANK0     050
btemp                    (abs)        07E
clear_ram0               clrtext      3E6
end_of_initialization    cinit        01D
interrupt_function       intentry     004
intlevel0                functab      000
intlevel1                functab      000
intlevel2                functab      000
intlevel3                functab      000
intlevel4                functab      000
intlevel5                functab      000
reset_vec                reset_vec    000
saved_w                  (abs)        07E
stackhi                  (abs)        000
stacklo                  (abs)        000
start                    init         00A
start_initialization     cinit        00B
wtemp0                   (abs)        07E


FUNCTION INFORMATION:

 *************** function _main *****************
 Defined at:
		line 3 in file "C:\Users\Administrator\Desktop\project\K06-43\code\main.c"
 Parameters:    Size  Location     Type
		None
 Auto vars:     Size  Location     Type
		None
 Return value:  Size  Location     Type
                  1    wreg      void 
 Registers used:
		wreg, fsr0l, fsr0h, status,2, status,0, btemp+1, pclath, cstack
 Tracked objects:
		On entry : 
		On exit  : 
		Unchanged: 
 Data sizes:     COMMON   BANK0   BANK1
      Params:         0       0       0
      Locals:         0       0       0
      Temps:          0       0       0
      Totals:         0       0       0
Total ram usage:        0 bytes
 Hardware stack levels required when called:    6
 This function calls:
		_Apply
		_SystemInit
 This function is called by:
		Startup code after reset
 This function uses a non-reentrant model


 *************** function _SystemInit *****************
 Defined at:
		line 89 in file "C:\Users\Administrator\Desktop\project\K06-43\code\K06-43.c"
 Parameters:    Size  Location     Type
		None
 Auto vars:     Size  Location     Type
		None
 Return value:  Size  Location     Type
                  1    wreg      void 
 Registers used:
		wreg, status,2, status,0, pclath, cstack
 Tracked objects:
		On entry : 
		On exit  : 
		Unchanged: 
 Data sizes:     COMMON   BANK0   BANK1
      Params:         0       0       0
      Locals:         0       0       0
      Temps:          0       0       0
      Totals:         0       0       0
Total ram usage:        0 bytes
 Hardware stack levels used:    1
 Hardware stack levels required when called:    3
 This function calls:
		_GPIOInit
		_TimerInit
 This function is called by:
		_main
 This function uses a non-reentrant model


 *************** function _TimerInit *****************
 Defined at:
		line 123 in file "C:\Users\Administrator\Desktop\project\K06-43\code\K06-43.c"
 Parameters:    Size  Location     Type
		None
 Auto vars:     Size  Location     Type
		None
 Return value:  Size  Location     Type
                  1    wreg      void 
 Registers used:
		wreg
 Tracked objects:
		On entry : 
		On exit  : 
		Unchanged: 
 Data sizes:     COMMON   BANK0   BANK1
      Params:         0       0       0
      Locals:         0       0       0
      Temps:          0       0       0
      Totals:         0       0       0
Total ram usage:        0 bytes
 Hardware stack levels used:    1
 Hardware stack levels required when called:    2
 This function calls:
		Nothing
 This function is called by:
		_SystemInit
 This function uses a non-reentrant model


 *************** function _GPIOInit *****************
 Defined at:
		line 98 in file "C:\Users\Administrator\Desktop\project\K06-43\code\K06-43.c"
 Parameters:    Size  Location     Type
		None
 Auto vars:     Size  Location     Type
		None
 Return value:  Size  Location     Type
                  1    wreg      void 
 Registers used:
		wreg, status,2
 Tracked objects:
		On entry : 
		On exit  : 
		Unchanged: 
 Data sizes:     COMMON   BANK0   BANK1
      Params:         0       0       0
      Locals:         0       0       0
      Temps:          0       0       0
      Totals:         0       0       0
Total ram usage:        0 bytes
 Hardware stack levels used:    1
 Hardware stack levels required when called:    2
 This function calls:
		Nothing
 This function is called by:
		_SystemInit
 This function uses a non-reentrant model


 *************** function _Apply *****************
 Defined at:
		line 18 in file "C:\Users\Administrator\Desktop\project\K06-43\code\K06-43.c"
 Parameters:    Size  Location     Type
		None
 Auto vars:     Size  Location     Type
		None
 Return value:  Size  Location     Type
                  1    wreg      void 
 Registers used:
		wreg, fsr0l, fsr0h, status,2, status,0, btemp+1, pclath, cstack
 Tracked objects:
		On entry : 
		On exit  : 
		Unchanged: 
 Data sizes:     COMMON   BANK0   BANK1
      Params:         0       0       0
      Locals:         0       0       0
      Temps:          0       0       0
      Totals:         0       0       0
Total ram usage:        0 bytes
 Hardware stack levels used:    1
 Hardware stack levels required when called:    5
 This function calls:
		_ADCPro
		_BeepPro
		_ChargePro
		_KeyScan
		_LEDScan
 This function is called by:
		_main
 This function uses a non-reentrant model


 *************** function _LEDScan *****************
 Defined at:
		line 7 in file "C:\Users\Administrator\Desktop\project\K06-43\code\LED.c"
 Parameters:    Size  Location     Type
		None
 Auto vars:     Size  Location     Type
		None
 Return value:  Size  Location     Type
                  1    wreg      void 
 Registers used:
		wreg, fsr0l, fsr0h, status,2, status,0
 Tracked objects:
		On entry : 
		On exit  : 
		Unchanged: 
 Data sizes:     COMMON   BANK0   BANK1
      Params:         0       0       0
      Locals:         0       0       0
      Temps:          0       0       0
      Totals:         0       0       0
Total ram usage:        0 bytes
 Hardware stack levels used:    1
 Hardware stack levels required when called:    2
 This function calls:
		Nothing
 This function is called by:
		_Apply
 This function uses a non-reentrant model


 *************** function _KeyScan *****************
 Defined at:
		line 10 in file "C:\Users\Administrator\Desktop\project\K06-43\code\Key.c"
 Parameters:    Size  Location     Type
		None
 Auto vars:     Size  Location     Type
		None
 Return value:  Size  Location     Type
                  1    wreg      void 
 Registers used:
		wreg, status,2, status,0, btemp+1
 Tracked objects:
		On entry : 
		On exit  : 
		Unchanged: 
 Data sizes:     COMMON   BANK0   BANK1
      Params:         0       0       0
      Locals:         0       0       0
      Temps:          0       1       0
      Totals:         0       1       0
Total ram usage:        1 bytes
 Hardware stack levels used:    1
 Hardware stack levels required when called:    2
 This function calls:
		Nothing
 This function is called by:
		_Apply
 This function uses a non-reentrant model


 *************** function _ChargePro *****************
 Defined at:
		line 3 in file "C:\Users\Administrator\Desktop\project\K06-43\code\Charge.c"
 Parameters:    Size  Location     Type
		None
 Auto vars:     Size  Location     Type
		None
 Return value:  Size  Location     Type
                  1    wreg      void 
 Registers used:
		None
 Tracked objects:
		On entry : 
		On exit  : 
		Unchanged: 
 Data sizes:     COMMON   BANK0   BANK1
      Params:         0       0       0
      Locals:         0       0       0
      Temps:          0       0       0
      Totals:         0       0       0
Total ram usage:        0 bytes
 Hardware stack levels used:    1
 Hardware stack levels required when called:    2
 This function calls:
		Nothing
 This function is called by:
		_Apply
 This function uses a non-reentrant model


 *************** function _BeepPro *****************
 Defined at:
		line 6 in file "C:\Users\Administrator\Desktop\project\K06-43\code\Beep.c"
 Parameters:    Size  Location     Type
		None
 Auto vars:     Size  Location     Type
		None
 Return value:  Size  Location     Type
                  1    wreg      void 
 Registers used:
		wreg, status,2, status,0
 Tracked objects:
		On entry : 
		On exit  : 
		Unchanged: 
 Data sizes:     COMMON   BANK0   BANK1
      Params:         0       0       0
      Locals:         0       0       0
      Temps:          0       0       0
      Totals:         0       0       0
Total ram usage:        0 bytes
 Hardware stack levels used:    1
 Hardware stack levels required when called:    2
 This function calls:
		Nothing
 This function is called by:
		_Apply
 This function uses a non-reentrant model


 *************** function _ADCPro *****************
 Defined at:
		line 9 in file "C:\Users\Administrator\Desktop\project\K06-43\code\ADC.c"
 Parameters:    Size  Location     Type
		None
 Auto vars:     Size  Location     Type
		None
 Return value:  Size  Location     Type
                  1    wreg      void 
 Registers used:
		wreg, fsr0l, fsr0h, status,2, status,0, btemp+1, pclath, cstack
 Tracked objects:
		On entry : 
		On exit  : 
		Unchanged: 
 Data sizes:     COMMON   BANK0   BANK1
      Params:         0       0       0
      Locals:         0       0       0
      Temps:          0       0       0
      Totals:         0       0       0
Total ram usage:        0 bytes
 Hardware stack levels used:    1
 Hardware stack levels required when called:    4
 This function calls:
		_ADCRead
 This function is called by:
		_Apply
 This function uses a non-reentrant model


 *************** function _ADCRead *****************
 Defined at:
		line 50 in file "C:\Users\Administrator\Desktop\project\K06-43\code\ADC.c"
 Parameters:    Size  Location     Type
  ch              1    wreg     unsigned char 
  Module          4   13[BANK0 ] struct .
  Val             1   17[BANK0 ] PTR unsigned int 
		 -> ADCVal(6), 
 Auto vars:     Size  Location     Type
  ch              1   28[BANK0 ] unsigned char 
  ad_temp         2   33[BANK0 ] unsigned int 
  AD_L            2   31[BANK0 ] unsigned int 
  AD_H            2   29[BANK0 ] unsigned int 
 Return value:  Size  Location     Type
                  1    wreg      void 
 Registers used:
		wreg, fsr0l, fsr0h, status,2, status,0, btemp+1, pclath, cstack
 Tracked objects:
		On entry : 
		On exit  : 
		Unchanged: 
 Data sizes:     COMMON   BANK0   BANK1
      Params:         0       5       0
      Locals:         0       7       0
      Temps:          0      10       0
      Totals:         0      22       0
Total ram usage:       22 bytes
 Hardware stack levels used:    1
 Hardware stack levels required when called:    3
 This function calls:
		_ADSample
		___lwdiv
		___wmul
 This function is called by:
		_ADCPro
 This function uses a non-reentrant model


 *************** function ___wmul *****************
 Defined at:
		line 15 in file "E:\SCMCU_IDE_V2.00.08_Beta9\data\sources\common\Umul16.c"
 Parameters:    Size  Location     Type
  multiplier      2    0[BANK0 ] unsigned int 
  multiplicand    2    2[BANK0 ] unsigned int 
 Auto vars:     Size  Location     Type
  product         2    4[BANK0 ] unsigned int 
 Return value:  Size  Location     Type
                  2    0[BANK0 ] unsigned int 
 Registers used:
		wreg, status,2, status,0
 Tracked objects:
		On entry : 
		On exit  : 
		Unchanged: 
 Data sizes:     COMMON   BANK0   BANK1
      Params:         0       4       0
      Locals:         0       2       0
      Temps:          0       0       0
      Totals:         0       6       0
Total ram usage:        6 bytes
 Hardware stack levels used:    1
 Hardware stack levels required when called:    2
 This function calls:
		Nothing
 This function is called by:
		_ADCRead
 This function uses a non-reentrant model


 *************** function ___lwdiv *****************
 Defined at:
		line 6 in file "E:\SCMCU_IDE_V2.00.08_Beta9\data\sources\common\lwdiv.c"
 Parameters:    Size  Location     Type
  divisor         2    6[BANK0 ] unsigned int 
  dividend        2    8[BANK0 ] unsigned int 
 Auto vars:     Size  Location     Type
  quotient        2   11[BANK0 ] unsigned int 
  counter         1   10[BANK0 ] unsigned char 
 Return value:  Size  Location     Type
                  2    6[BANK0 ] unsigned int 
 Registers used:
		wreg, status,2, status,0
 Tracked objects:
		On entry : 
		On exit  : 
		Unchanged: 
 Data sizes:     COMMON   BANK0   BANK1
      Params:         0       4       0
      Locals:         0       3       0
      Temps:          0       0       0
      Totals:         0       7       0
Total ram usage:        7 bytes
 Hardware stack levels used:    1
 Hardware stack levels required when called:    2
 This function calls:
		Nothing
 This function is called by:
		_ADCRead
 This function uses a non-reentrant model


 *************** function _ADSample *****************
 Defined at:
		line 115 in file "C:\Users\Administrator\Desktop\project\K06-43\code\ADC.c"
 Parameters:    Size  Location     Type
  ch              1    wreg     unsigned char 
 Auto vars:     Size  Location     Type
  ch              1    1[BANK0 ] unsigned char 
  i               1    2[BANK0 ] volatile unsigned char 
 Return value:  Size  Location     Type
                  1    wreg      unsigned char 
 Registers used:
		wreg, status,2, status,0
 Tracked objects:
		On entry : 
		On exit  : 
		Unchanged: 
 Data sizes:     COMMON   BANK0   BANK1
      Params:         0       0       0
      Locals:         0       2       0
      Temps:          0       1       0
      Totals:         0       3       0
Total ram usage:        3 bytes
 Hardware stack levels used:    1
 Hardware stack levels required when called:    2
 This function calls:
		Nothing
 This function is called by:
		_ADCRead
 This function uses a non-reentrant model


 *************** function _Isr_Timer *****************
 Defined at:
		line 6 in file "C:\Users\Administrator\Desktop\project\K06-43\code\even.c"
 Parameters:    Size  Location     Type
		None
 Auto vars:     Size  Location     Type
		None
 Return value:  Size  Location     Type
                  1    wreg      void 
 Registers used:
		wreg, status,2, status,0, pclath, cstack
 Tracked objects:
		On entry : 
		On exit  : 
		Unchanged: 
 Data sizes:     COMMON   BANK0   BANK1
      Params:         0       0       0
      Locals:         0       0       0
      Temps:          2       0       0
      Totals:         2       0       0
Total ram usage:        2 bytes
 Hardware stack levels used:    1
 Hardware stack levels required when called:    1
 This function calls:
		___lwmod
 This function is called by:
		Interrupt level 1
 This function uses a non-reentrant model


 *************** function ___lwmod *****************
 Defined at:
		line 6 in file "E:\SCMCU_IDE_V2.00.08_Beta9\data\sources\common\lwmod.c"
 Parameters:    Size  Location     Type
  divisor         2    0[COMMON] unsigned int 
  dividend        2    2[COMMON] unsigned int 
 Auto vars:     Size  Location     Type
  counter         1    4[COMMON] unsigned char 
 Return value:  Size  Location     Type
                  2    0[COMMON] unsigned int 
 Registers used:
		wreg, status,2, status,0
 Tracked objects:
		On entry : 
		On exit  : 
		Unchanged: 
 Data sizes:     COMMON   BANK0   BANK1
      Params:         4       0       0
      Locals:         1       0       0
      Temps:          0       0       0
      Totals:         5       0       0
Total ram usage:        5 bytes
 Hardware stack levels used:    1
 This function calls:
		Nothing
 This function is called by:
		_Isr_Timer
 This function uses a non-reentrant model



MODULE INFORMATION

Module		Function		Class		Link	Load	Size
C:\Users\Administrator\Desktop\project\K06-43\code\ADC.c
		_ADCRead       		CODE           	001F	0000	222
		_ADSample      		CODE           	038E	0000	28
		_ADCPro        		CODE           	02F2	0000	36

C:\Users\Administrator\Desktop\project\K06-43\code\ADC.c estimated size: 286

C:\Users\Administrator\Desktop\project\K06-43\code\Beep.c
		_BeepPro       		CODE           	03C2	0000	22

C:\Users\Administrator\Desktop\project\K06-43\code\Beep.c estimated size: 22

C:\Users\Administrator\Desktop\project\K06-43\code\even.c
		_Isr_Timer     		CODE           	025C	0000	78

C:\Users\Administrator\Desktop\project\K06-43\code\even.c estimated size: 78

C:\Users\Administrator\Desktop\project\K06-43\code\LED.c
		_LEDScan       		CODE           	01D8	0000	133

C:\Users\Administrator\Desktop\project\K06-43\code\LED.c estimated size: 133

C:\Users\Administrator\Desktop\project\K06-43\code\main.c
		_main          		CODE           	03F6	0000	6

C:\Users\Administrator\Desktop\project\K06-43\code\main.c estimated size: 6

E:\SCMCU_IDE_V2.00.08_Beta9\data\sources\common\lwmod.c
		___lwmod       		CODE           	0348	0000	37

E:\SCMCU_IDE_V2.00.08_Beta9\data\sources\common\lwmod.c estimated size: 37

shared
		PL12           		CODE           	0118	0000	7
		PL8            		CODE           	0315	0000	10
		PL14           		CODE           	01D2	0000	7
		PL16           		CODE           	011E	0000	6
		__initialization		CODE           	000B	0000	19
		PL2            		CODE           	02A9	0000	8
		PL10           		CODE           	0111	0000	8
		PL4            		CODE           	00FC	0000	8
		PL6            		CODE           	0103	0000	15

shared estimated size: 88

E:\SCMCU_IDE_V2.00.08_Beta9\data\sources\common\Umul16.c
		___wmul        		CODE           	03A9	0000	26

E:\SCMCU_IDE_V2.00.08_Beta9\data\sources\common\Umul16.c estimated size: 26

C:\Users\Administrator\Desktop\project\K06-43\code\K06-43.c
		_TimerInit     		CODE           	03D7	0000	16
		_Apply         		CODE           	02B0	0000	67
		_GPIOInit      		CODE           	036C	0000	35
		_SystemInit    		CODE           	03EE	0000	9

C:\Users\Administrator\Desktop\project\K06-43\code\K06-43.c estimated size: 127

E:\SCMCU_IDE_V2.00.08_Beta9\data\sources\common\lwdiv.c
		___lwdiv       		CODE           	031E	0000	43

E:\SCMCU_IDE_V2.00.08_Beta9\data\sources\common\lwdiv.c estimated size: 43

C:\Users\Administrator\Desktop\project\K06-43\code\Charge.c
		_ChargePro     		CODE           	0403	0000	2

C:\Users\Administrator\Desktop\project\K06-43\code\Charge.c estimated size: 2

C:\Users\Administrator\Desktop\project\K06-43\code\Key.c
		_KeyScan       		CODE           	0123	0000	176

C:\Users\Administrator\Desktop\project\K06-43\code\Key.c estimated size: 176

