Microchip MPLAB XC8 Compiler V1.45 ()

Linker command line:

\
  --edf=C:\Users\Administrator\Desktop\新建文件夹 (2)\SCMCU_IDE_V2.00.08_Beta9\data\dat\en_msgs.txt \
  -cs -h+Code_Prj.sym --cmf=Code_Prj.cmf -z -w9 --disl=596:off -QSC8P1713S \
  -oC:\Users\ADMINI~1\AppData\Local\Temp\s6l8.2 -MCode_Prj.map -E1 -ver=XC8 \
  -ACODE=00h-07FFh -ASTRCODE=00h-07FFh -ASTRING=00h-0FFhx8 \
  -ACONST=00h-0FFhx8 -AENTRY=00h-0FFhx8 -ACOMMON=070h-07Fh \
  -ABANK0=020h-06Fh -ABANK1=0A0h-0EFh -ARAM=020h-06Fh,0A0h-0EFh \
  -AABS1=020h-07Fh,0A0h-0EFh -ASFR0=00h-01Fh -ASFR1=080h-09Fh \
  -ASFR2=0100h-016Fh -ASFR3=0180h-01EFh \
  -preset_vec=00h,intentry,init,end_init -ppowerup=CODE -pcinit=CODE \
  -pfunctab=ENTRY -ACONFIG=02007h-02008h -pconfig=CONFIG -DCONFIG=2 \
  -AIDLOC=02000h-02003h -pidloc=IDLOC -DIDLOC=2 -DCODE=2 -DSTRCODE=2 \
  -DSTRING=2 -DCONST=2 -DENTRY=2 -k startup.obj Code_Prj.obj 

Object code version is 3.11

Machine type is SC8P1713S



                Name                               Link     Load   Length Selector   Space Scale
startup.obj     end_init                              8        8        2        0       0
Code_Prj.obj    cinit                               7EF      7EF       11      FDE       0
                intentry                              0        0        8        0       0
                swtext4                              26       26        5       42       0
                text26                              35A      35A       75      6B4       0
                text25                               31       31        7       62       0
                text24                              143      143       26      286       0
                text23                               AB       AB       1B      156       0
                text22                              3CF      3CF       88      79E       0
                text21                              260      260       48      4C0       0
                text20                              1C1      1C1       33      382       0
                swtext3                              2E       2E        3       42       0
                text19                              457      457       8A      8AE       0
                text18                              2F3      2F3       67      5E6       0
                text17                              5A1      5A1       E5      B42       0
                text16                               62       62       17       C4       0
                text15                               91       91       1A      122       0
                swtext2                              2B       2B        3       42       0
                text14                              11E      11E       25      23C       0
                text13                               C6       C6       1B      18C       0
                text12                               E1       E1       1C      1C2       0
                text11                              193      193       2E      326       0
                swtext1                              21       21        5       42       0
                text10                              686      686      169      D0C       0
                text9                               1F4      1F4       36      3E8       0
                text8                                 0        0        1        0       0
                text7                                4E       4E       14       9C       0
                text6                                79       79       18       F2       0
                text5                                FD       FD       21      1FA       0
                text4                               22A      22A       36      454       0
                text3                                40       40        E       80       0
                text2                               169      169       2A      2D2       0
                text1                               4E1      4E1       C0      9C2       0
                maintext                            2A8      2A8       4B      550       0
                cstackBANK0                          56       56       19       20       1
                cstackCOMMON                         73       73        6       70       1
                cstackBANK1                          B6       B6        4       A0       1
                clrtext                              38       38        8       70       0
                bssBANK1                             A0       A0       16       A0       1
                bssBANK0                             20       20       36       20       1
                bitbssBANK0                         378       6F        4       20       1     8
                bitbssCOMMON                        380       70       18       70       1     8
                bitnvCOMMON                         3C8       79        1       70       1     8
                strings                               A        A       17       14       0

TOTAL           Name                               Link     Load   Length     Space
        CLASS   CODE           
                end_init                              8        8        2         0
                cinit                               7EF      7EF       11         0
                intentry                              0        0        8         0
                text26                              35A      35A       75         0
                text25                               31       31        7         0
                text24                              143      143       26         0
                text23                               AB       AB       1B         0
                text22                              3CF      3CF       88         0
                text21                              260      260       48         0
                text20                              1C1      1C1       33         0
                text19                              457      457       8A         0
                text18                              2F3      2F3       67         0
                text17                              5A1      5A1       E5         0
                text16                               62       62       17         0
                text15                               91       91       1A         0
                text14                              11E      11E       25         0
                text13                               C6       C6       1B         0
                text12                               E1       E1       1C         0
                text11                              193      193       2E         0
                text10                              686      686      169         0
                text9                               1F4      1F4       36         0
                text8                                 0        0        1         0
                text7                                4E       4E       14         0
                text6                                79       79       18         0
                text5                                FD       FD       21         0
                text4                               22A      22A       36         0
                text3                                40       40        E         0
                text2                               169      169       2A         0
                text1                               4E1      4E1       C0         0
                maintext                            2A8      2A8       4B         0
                clrtext                              38       38        8         0

        CLASS   STRCODE        

        CLASS   STRING         
                strings                               A        A       17         0

        CLASS   CONST          
                swtext4                              26       26        5         0
                swtext3                              2E       2E        3         0
                swtext2                              2B       2B        3         0
                swtext1                              21       21        5         0

        CLASS   ENTRY          

        CLASS   COMMON         
                cstackCOMMON                         73       73        6         1
                bitbssCOMMON                        380       70       18         1
                bitnvCOMMON                         3C8       79        1         1

        CLASS   BANK0          
                cstackBANK0                          56       56       19         1
                bssBANK0                             20       20       36         1
                bitbssBANK0                         378       6F        4         1

        CLASS   BANK1          
                cstackBANK1                          B6       B6        4         1
                bssBANK1                             A0       A0       16         1

        CLASS   RAM            

        CLASS   ABS1           
                abs_s1                               7E       7E        2         1

        CLASS   SFR0           

        CLASS   SFR1           

        CLASS   SFR2           

        CLASS   SFR3           

        CLASS   CONFIG         

        CLASS   IDLOC          

        CLASS   BANK3          

        CLASS   BANK2          

        CLASS   STACK          

        CLASS   EEDATA         



SEGMENTS        Name                           Load    Length   Top    Selector   Space  Class     Delta

                reset_vec                      000000  00000A  00000A         0       0  CODE        2
                strings                        00000A  000017  000021        14       0  STRING      2
                bssBANK0                       000020  000050  000070        20       1  BANK0       1
                swtext1                        000021  000010  000031        42       0  CONST       2
                text25                         000031  000007  000038        62       0  CODE        2
                bitbssCOMMON                   000070  00000A  00007A        70       1  COMMON      1
                clrtext                        000038  000008  000040        70       0  CODE        2
                text3                          000040  00000E  00004E        80       0  CODE        2
                text7                          00004E  000014  000062        9C       0  CODE        2
                bssBANK1                       0000A0  00001A  0000BA        A0       1  BANK1       1
                text16                         000062  000017  000079        C4       0  CODE        2
                text6                          000079  000018  000091        F2       0  CODE        2
                text15                         000091  00001A  0000AB       122       0  CODE        2
                text23                         0000AB  00001B  0000C6       156       0  CODE        2
                text13                         0000C6  00001B  0000E1       18C       0  CODE        2
                text12                         0000E1  00001C  0000FD       1C2       0  CODE        2
                text5                          0000FD  000021  00011E       1FA       0  CODE        2
                text14                         00011E  000025  000143       23C       0  CODE        2
                text24                         000143  000026  000169       286       0  CODE        2
                text2                          000169  00002A  000193       2D2       0  CODE        2
                text11                         000193  00002E  0001C1       326       0  CODE        2
                text20                         0001C1  000033  0001F4       382       0  CODE        2
                text9                          0001F4  000036  00022A       3E8       0  CODE        2
                text4                          00022A  000036  000260       454       0  CODE        2
                text21                         000260  000048  0002A8       4C0       0  CODE        2
                maintext                       0002A8  00004B  0002F3       550       0  CODE        2
                text18                         0002F3  000067  00035A       5E6       0  CODE        2
                text26                         00035A  000075  0003CF       6B4       0  CODE        2
                text22                         0003CF  000088  000457       79E       0  CODE        2
                text19                         000457  00008A  0004E1       8AE       0  CODE        2
                text1                          0004E1  0000C0  0005A1       9C2       0  CODE        2
                text17                         0005A1  0000E5  000686       B42       0  CODE        2
                text10                         000686  000169  0007EF       D0C       0  CODE        2
                cinit                          0007EF  000011  000800       FDE       0  CODE        2


UNUSED ADDRESS RANGES

        Name                Unused          Largest block    Delta
        BANK1            00BA-00EF             36           1
        COMMON           007A-007D              4           1
        CONFIG           2007-2008              2           2
        IDLOC            2000-2003              4           2
        RAM              00BA-00EF             36           1
        SFR0             0000-001F             20           1
        SFR1             0080-009F             20           1
        SFR2             0100-016F             70           1
        SFR3             0180-01EF             70           1

                                  Symbol Table

?___lldiv                   cstackBANK0  0062
?___lmul                    cstackBANK0  0056
?___lwdiv                   cstackBANK0  0056
ADSample@adch               cstackBANK0  0056
ADSample@i                  cstackBANK0  0057
AdProc@dat_tmp              cstackBANK1  00B6
AdRead@ad_ch                cstackBANK0  005A
AdRead@ad_temp              cstackBANK0  005B
AdRead@adtimes              bssBANK0     0046
DisPlayIcon@icon_seg        cstackBANK0  0056
DisPlayIcon@icon_sel        cstackCOMMON 0077
DisPlayIcon@icon_sta        cstackCOMMON 0078
DisPlayNum@dig_sel          cstackBANK0  0059
DisPlayNum@dis_num          cstackBANK0  005A
LedIndex@led_index          cstackCOMMON 0073
LedRamUpdate@alarm_lk_cnt   bssBANK0     003E
LedRamUpdate@alarm_low_cnt  bssBANK0     003C
LedRamUpdate@alarm_xi_cnt   bssBANK0     003D
LedRamUpdate@chr_boot_cnt   bssBANK0     003A
LedRamUpdate@led_boot_cnt   bssBANK0     003F
LedRamUpdate@led_cp         bssBANK0     0040
LedRamUpdate@led_cp_cnt     bssBANK0     0041
LedRamUpdate@timer_add      bssBANK0     0038
LedRamUpdate@timer_chr_boot bssBANK0     003B
LedRamUpdate@timer_lk       bssBANK0     0037
LedRamUpdate@timer_off      bssBANK0     0039
LedRamUpdate@timer_xi       bssBANK0     0036
LedScan@led_scan_index      bssBANK0     0042
PL10                        text19       04D8
PL12                        text10       07D4
PL14                        text1        059A
PL16                        text10       07D9
PL18                        text22       0451
PL2                         text19       04B6
PL20                        text10       07DE
PL22                        text10       07E4
PL24                        text10       07EA
PL26                        text17       0682
PL28                        text14       013F
PL4                         text1        0582
PL6                         text5        010D
PL8                         text10       07CE
TimeAddDec@bat_value        cstackBANK0  005D
TimeAddDec@percent_err      cstackBANK0  0061
TimeAddDec@tmp_percent      cstackBANK0  0062
_ADCON0                     (abs)        001F
_ADCON1                     (abs)        009F
_ADRESH                     (abs)        001E
_ADRESL                     (abs)        009E
_ADSample                   text23       00AB
_ANS1                       (abs)        0C41
_ANS2                       (abs)        0C42
_AdProc                     text19       0457
_AdRead                     text22       03CF
_AppChr                     text18       02F3
_AppMotor                   text17       05A1
_BeepProc                   text16       0062
_BtnScan                    text15       0091
_Btn_Init                   text8        0000
_CCP1CON                    (abs)        0017
_CCP2CON                    (abs)        001D
_DisPlayIcon                text14       011E
_DisPlayNum                 text11       0193
_Flag_Btn_Release           bitbssCOMMON 0383
_Flag_RtSleep               bitbssCOMMON 0385
_Flag_ad_done               bitbssCOMMON 0384
_Flag_beep                  bitbssCOMMON 038B
_Flag_beep_boot             bitbssCOMMON 038A
_Flag_boot                  bitnvCOMMON  03C8
_Flag_chr                   bitbssCOMMON 0389
_Flag_chr_boot              bitbssCOMMON 0388
_Flag_dig1                  bitbssBANK0  037B
_Flag_dig2                  bitbssBANK0  037A
_Flag_iov                   bitbssCOMMON 0391
_Flag_key_long              bitbssCOMMON 0382
_Flag_key_set               bitbssCOMMON 0380
_Flag_key_usb               bitbssCOMMON 0381
_Flag_ledcp_dir             bitbssBANK0  0378
_Flag_lk                    bitbssCOMMON 0394
_Flag_lk_alarm              bitbssCOMMON 0392
_Flag_lk_set                bitbssCOMMON 0393
_Flag_low                   bitbssCOMMON 038E
_Flag_low_alarm             bitbssCOMMON 038D
_Flag_mainloop              bitbssCOMMON 0386
_Flag_off                   bitbssCOMMON 0396
_Flag_on                    bitbssCOMMON 0397
_Flag_on_boot               bitbssCOMMON 0395
_Flag_scan_dir              bitbssBANK0  0379
_Flag_stop                  bitbssCOMMON 038C
_Flag_usb                   bitbssCOMMON 0387
_Flag_xi                    bitbssCOMMON 0390
_Flag_xi_alarm              bitbssCOMMON 038F
_GIE                        (abs)        005F
_GODONE                     (abs)        00F9
_GPIO_Init                  text7        004E
_INTCON                     (abs)        000B
_IOCB                       (abs)        0096
_Init_System                text6        0079
_Isr_Timer                  text24       0143
_KEYCON0                    (abs)        0113
_LEDCode                    strings      0010
_LED_RAM                    bssBANK0     0020
_LED_RAM_R                  bssBANK1     00A0
_LedIndex                   text26       035A
_LedRamUpdate               text10       0686
_LedScan                    text25       0031
_LockSet                    text9        01F4
_OSCCON                     (abs)        008F
_PIE1                       (abs)        008C
_PIE2                       (abs)        008D
_PIR1                       (abs)        000C
_PORTA                      (abs)        0005
_PORTB                      (abs)        0006
_PORTC                      (abs)        0007
_PORTE                      (abs)        0009
_PR2                        (abs)        0092
_RA0                        (abs)        0028
_RA1                        (abs)        0029
_RA2                        (abs)        002A
_RA3                        (abs)        002B
_RA4                        (abs)        002C
_RA5                        (abs)        002D
_RB1                        (abs)        0031
_RB2                        (abs)        0032
_RB3                        (abs)        0033
_RB4                        (abs)        0034
_RB5                        (abs)        0035
_RB6                        (abs)        0036
_RB7                        (abs)        0037
_RBIE                       (abs)        005B
_RBIF                       (abs)        0058
_RBPU                       (abs)        040F
_RC0                        (abs)        0038
_RC1                        (abs)        0039
_RC2                        (abs)        003A
_RC3                        (abs)        003B
_RE0                        (abs)        0048
_RSleepCnt                  bssBANK0     0044
_ReadKey                    bssBANK0     0049
_ReadKeyOld                 bssBANK0     0047
_ReadKeyTmp                 bssBANK0     0048
_Rt10ms_cnt                 bssBANK0     004A
_Rt2ms_cnt                  bssBANK0     004B
_SysSleep                   text4        022A
_SysSleepSet                text5        00FD
_T2CON                      (abs)        0012
_TMR2IF                     (abs)        0061
_TMR2ON                     (abs)        0092
_TRISA                      (abs)        0085
_TRISA1                     (abs)        0429
_TRISA2                     (abs)        042A
_TRISB                      (abs)        0086
_TRISB4                     (abs)        0434
_TRISB5                     (abs)        0435
_TRISC                      (abs)        0087
_TRISE                      (abs)        0089
_TimeAddDec                 text1        04E1
_WDTCON                     (abs)        0105
_WPUA                       (abs)        018E
_WPUA1                      (abs)        0C71
_WPUA2                      (abs)        0C72
_WPUB                       (abs)        0095
_WPUB4                      (abs)        04AC
_WPUB5                      (abs)        04AD
_WPUC                       (abs)        018F
_WPUE                       (abs)        011A
__BbitbssBANK0              bitbssBANK0  0002
__BbitbssCOMMON             bitbssCOMMON 0002
__BbitnvCOMMON              bitnvCOMMON  0002
__Habs1                     abs1         0000
__Hbank0                    bank0        0000
__Hbank1                    bank1        0000
__Hbank2                    bank2        0000
__Hbank3                    bank3        0000
__HbitbssBANK0              bitbssBANK0  0010
__HbitbssCOMMON             bitbssCOMMON 0010
__HbitnvCOMMON              bitnvCOMMON  0010
__HbssBANK0                 bssBANK0     0002
__HbssBANK1                 bssBANK1     0002
__Hcinit                    cinit        0800
__Hclrtext                  clrtext      0000
__Hcode                     code         0000
__Hcommon                   common       0000
__Hconfig                   config       0000
__HcstackBANK0              cstackBANK0  0002
__HcstackBANK1              cstackBANK1  0002
__HcstackCOMMON             cstackCOMMON 0002
__Heeprom_data              eeprom_data  0000
__Hend_init                 end_init     000A
__Hfunctab                  functab      0000
__Hidloc                    idloc        0000
__Hinit                     init         0008
__Hintentry                 intentry     0008
__Hmaintext                 maintext     0000
__Hpa_nodes0                pa_nodes0    0000
__Hpowerup                  powerup      0000
__Hram                      ram          0000
__Hreset_vec                reset_vec    0000
__Hsfr0                     sfr0         0000
__Hsfr1                     sfr1         0000
__Hsfr2                     sfr2         0000
__Hsfr3                     sfr3         0000
__Hspace_0                  (abs)        0800
__Hspace_1                  (abs)        03C9
__Hspace_2                  (abs)        0000
__Hspace_3                  (abs)        0000
__Hstack                    stack        0000
__Hstrings                  strings      0000
__Htext                     text         0000
__Labs1                     abs1         0000
__Lbank0                    bank0        0000
__Lbank1                    bank1        0000
__Lbank2                    bank2        0000
__Lbank3                    bank3        0000
__LbitbssBANK0              bitbssBANK0  0010
__LbitbssCOMMON             bitbssCOMMON 0010
__LbitnvCOMMON              bitnvCOMMON  0010
__LbssBANK0                 bssBANK0     0002
__LbssBANK1                 bssBANK1     0002
__Lcinit                    cinit        07EF
__Lclrtext                  clrtext      0000
__Lcode                     code         0000
__Lcommon                   common       0000
__Lconfig                   config       0000
__LcstackBANK0              cstackBANK0  0002
__LcstackBANK1              cstackBANK1  0002
__LcstackCOMMON             cstackCOMMON 0002
__Leeprom_data              eeprom_data  0000
__Lend_init                 end_init     0008
__Lfunctab                  functab      0000
__Lidloc                    idloc        0000
__Linit                     init         0008
__Lintentry                 intentry     0000
__Lmaintext                 maintext     0000
__Lpa_nodes0                pa_nodes0    0000
__Lpowerup                  powerup      0000
__Lram                      ram          0000
__Lreset_vec                reset_vec    0000
__Lsfr0                     sfr0         0000
__Lsfr1                     sfr1         0000
__Lsfr2                     sfr2         0000
__Lsfr3                     sfr3         0000
__Lspace_0                  (abs)        0000
__Lspace_1                  (abs)        0000
__Lspace_2                  (abs)        0000
__Lspace_3                  (abs)        0000
__Lstack                    stack        0000
__Lstrings                  strings      0000
__Ltext                     text         0000
__S0                        (abs)        0800
__S1                        (abs)        00BA
___bmul                     text3        0040
___bmul@multiplicand        cstackCOMMON 0077
___bmul@multiplier          cstackBANK0  0057
___bmul@product             cstackBANK0  0056
___int_sp                   stack        0000
___latbits                  (abs)        0000
___lbdiv                    text13       00C6
___lbdiv@counter            cstackBANK0  0057
___lbdiv@dividend           cstackBANK0  0056
___lbdiv@divisor            cstackCOMMON 0077
___lbdiv@quotient           cstackBANK0  0058
___lbmod                    text12       00E1
___lbmod@counter            cstackBANK0  0057
___lbmod@dividend           cstackBANK0  0056
___lbmod@divisor            cstackCOMMON 0077
___lbmod@rem                cstackBANK0  0058
___lldiv                    text21       0260
___lldiv@counter            cstackBANK0  006E
___lldiv@dividend           cstackBANK0  0066
___lldiv@divisor            cstackBANK0  0062
___lldiv@quotient           cstackBANK0  006A
___lmul                     text20       01C1
___lmul@multiplicand        cstackBANK0  005A
___lmul@multiplier          cstackBANK0  0056
___lmul@product             cstackBANK0  005E
___lwdiv                    text2        0169
___lwdiv@counter            cstackBANK0  005A
___lwdiv@dividend           cstackBANK0  0058
___lwdiv@divisor            cstackBANK0  0056
___lwdiv@quotient           cstackBANK0  005B
___sp                       stack        0000
__end_ofPL10                text19       04E1
__end_ofPL12                text10       07D9
__end_ofPL14                text1        05A1
__end_ofPL16                text10       07DE
__end_ofPL18                text22       0457
__end_ofPL2                 text19       04D8
__end_ofPL20                text10       07E4
__end_ofPL22                text10       07EA
__end_ofPL24                text10       07EF
__end_ofPL26                text17       0686
__end_ofPL28                text14       0143
__end_ofPL4                 text1        059A
__end_ofPL6                 text5        011E
__end_ofPL8                 text10       07D4
__end_of_ADSample           text23       00C6
__end_of_AdProc             text19       04B6
__end_of_AdRead             text22       0451
__end_of_AppChr             text18       035A
__end_of_AppMotor           text17       0682
__end_of_BeepProc           text16       0079
__end_of_BtnScan            text15       00AB
__end_of_Btn_Init           text8        0001
__end_of_DisPlayIcon        text14       013F
__end_of_DisPlayNum         text11       01C1
__end_of_GPIO_Init          text7        0062
__end_of_Init_System        text6        0091
__end_of_Isr_Timer          text24       0169
__end_of_LEDCode            strings      0021
__end_of_LedIndex           text26       03CF
__end_of_LedRamUpdate       text10       07CE
__end_of_LedScan            text25       0038
__end_of_LockSet            text9        022A
__end_of_SysSleep           text4        0260
__end_of_SysSleepSet        text5        010D
__end_of_TimeAddDec         text1        0582
__end_of___bmul             text3        004E
__end_of___lbdiv            text13       00E1
__end_of___lbmod            text12       00FD
__end_of___lldiv            text21       02A8
__end_of___lmul             text20       01F4
__end_of___lwdiv            text2        0193
__end_of__initialization    cinit        07FE
__end_of__stringtab         strings      0010
__end_of_main               maintext     02F3
__initialization            cinit        07EF
__pbitbssBANK0              bitbssBANK0  0378
__pbitbssCOMMON             bitbssCOMMON 0380
__pbitnvCOMMON              bitnvCOMMON  03C8
__pbssBANK0                 bssBANK0     0020
__pbssBANK1                 bssBANK1     00A0
__pcstackBANK0              cstackBANK0  0056
__pcstackBANK1              cstackBANK1  00B6
__pcstackCOMMON             cstackCOMMON 0073
__pintentry                 intentry     0000
__pmaintext                 maintext     02A8
__pstrings                  strings      000A
__pswtext1                  swtext1      0021
__pswtext2                  swtext2      002B
__pswtext3                  swtext3      002E
__pswtext4                  swtext4      0026
__ptext1                    text1        04E1
__ptext10                   text10       0686
__ptext11                   text11       0193
__ptext12                   text12       00E1
__ptext13                   text13       00C6
__ptext14                   text14       011E
__ptext15                   text15       0091
__ptext16                   text16       0062
__ptext17                   text17       05A1
__ptext18                   text18       02F3
__ptext19                   text19       0457
__ptext2                    text2        0169
__ptext20                   text20       01C1
__ptext21                   text21       0260
__ptext22                   text22       03CF
__ptext23                   text23       00AB
__ptext24                   text24       0143
__ptext25                   text25       0031
__ptext26                   text26       035A
__ptext3                    text3        0040
__ptext4                    text4        022A
__ptext5                    text5        00FD
__ptext6                    text6        0079
__ptext7                    text7        004E
__ptext8                    text8        0000
__ptext9                    text9        01F4
__size_of_ADSample          (abs)        0000
__size_of_AdProc            (abs)        0000
__size_of_AdRead            (abs)        0000
__size_of_AppChr            (abs)        0000
__size_of_AppMotor          (abs)        0000
__size_of_BeepProc          (abs)        0000
__size_of_BtnScan           (abs)        0000
__size_of_Btn_Init          (abs)        0000
__size_of_DisPlayIcon       (abs)        0000
__size_of_DisPlayNum        (abs)        0000
__size_of_GPIO_Init         (abs)        0000
__size_of_Init_System       (abs)        0000
__size_of_Isr_Timer         (abs)        0000
__size_of_LedIndex          (abs)        0000
__size_of_LedRamUpdate      (abs)        0000
__size_of_LedScan           (abs)        0000
__size_of_LockSet           (abs)        0000
__size_of_SysSleep          (abs)        0000
__size_of_SysSleepSet       (abs)        0000
__size_of_TimeAddDec        (abs)        0000
__size_of___bmul            (abs)        0000
__size_of___lbdiv           (abs)        0000
__size_of___lbmod           (abs)        0000
__size_of___lldiv           (abs)        0000
__size_of___lmul            (abs)        0000
__size_of___lwdiv           (abs)        0000
__size_of_main              (abs)        0000
__stringbase                strings      000F
__stringtab                 strings      000A
_actual_percent             bssBANK0     0055
_ad_bg                      bssBANK0     0028
_ad_current                 bssBANK1     00AA
_ad_scp                     bssBANK1     00A6
_ad_val                     bssBANK0     0026
_admax                      bssBANK1     00B4
_admin                      bssBANK1     00B2
_adsum                      bssBANK1     00B0
_alarm_beep_cnt             bssBANK0     0053
_bat_percent                bssBANK0     0054
_bat_val                    bssBANK0     0024
_current_scp                bssBANK1     00AC
_current_val                bssBANK1     00AE
_debance_hiov_cnt           bssBANK0     0032
_debance_iov_cnt            bssBANK0     0031
_debance_low_cnt            bssBANK0     0033
_debance_scp_cnt            bssBANK0     0030
_debance_usb_cnt            bssBANK0     002D
_lock_count_down            bssBANK0     0043
_main                       maintext     02A8
_speed_beep                 bssBANK0     0052
_sta_ad                     bssBANK0     0045
_sta_chr                    bssBANK0     002F
_sta_lock                   bssBANK0     002C
_sta_m                      bssBANK0     0035
_time_chr_add               bssBANK0     0051
_time_chr_cnt               bssBANK1     00A4
_time_dec_cnt               bssBANK0     0050
_time_minute                bssBANK0     004E
_time_motor_cnt             bssBANK1     00A8
_time_second                bssBANK0     004F
_timer_1s                   bssBANK0     004D
_timer_beep                 bssBANK0     002A
_timer_boot_cnt             bssBANK0     004C
_timer_chr                  bssBANK0     002E
_timer_lock                 bssBANK0     002B
_timer_motor                bssBANK0     0034
btemp                       (abs)        007E
clear_ram0                  clrtext      0038
end_of_initialization       cinit        07FE
interrupt_function          intentry     0000
intlevel0                   functab      0000
intlevel1                   functab      0000
intlevel2                   functab      0000
intlevel3                   functab      0000
intlevel4                   functab      0000
intlevel5                   functab      0000
reset_vec                   reset_vec    0000
saved_w                     (abs)        007E
stackhi                     (abs)        0000
stacklo                     (abs)        0000
start                       init         0008
start_initialization        cinit        07EF
wtemp0                      (abs)        007E
